-- Logs begin at Sun 2025-08-03 16:17:52 EDT, end at Sun 2025-08-03 16:21:12 EDT. --
Aug 03 16:17:52 ubuntu-victim systemd-journald[358]: Runtime journal (/run/log/journal/) is 4.9M, max 39.2M, 34.3M free.
Aug 03 16:17:52 ubuntu-victim kernel: Linux version 4.15.0-142-generic (buildd@lgw01-amd64-039) (gcc version 5.4.0 20160609 (Ubuntu 5.4.0-6ubuntu1~16.04.12)) #146~16.04.1-Ubuntu SMP Tue Apr 13 09:27:15 UTC 2021 (Ubuntu 4.15.0-142.146~16.04.1-generic 4.15.18)
Aug 03 16:17:52 ubuntu-victim kernel: Command line: BOOT_IMAGE=/vmlinuz-4.15.0-142-generic root=/dev/mapper/ubuntu--vg-root ro quiet splash
Aug 03 16:17:52 ubuntu-victim kernel: KERNEL supported cpus:
Aug 03 16:17:52 ubuntu-victim kernel:   Intel GenuineIntel
Aug 03 16:17:52 ubuntu-victim kernel:   AMD AuthenticAMD
Aug 03 16:17:52 ubuntu-victim kernel:   Centaur CentaurHauls
Aug 03 16:17:52 ubuntu-victim kernel: x86/fpu: Supporting XSAVE feature 0x001: 'x87 floating point registers'
Aug 03 16:17:52 ubuntu-victim kernel: x86/fpu: Supporting XSAVE feature 0x002: 'SSE registers'
Aug 03 16:17:52 ubuntu-victim kernel: x86/fpu: Supporting XSAVE feature 0x004: 'AVX registers'
Aug 03 16:17:52 ubuntu-victim kernel: x86/fpu: Supporting XSAVE feature 0x020: 'AVX-512 opmask'
Aug 03 16:17:52 ubuntu-victim kernel: x86/fpu: Supporting XSAVE feature 0x040: 'AVX-512 Hi256'
Aug 03 16:17:52 ubuntu-victim kernel: x86/fpu: Supporting XSAVE feature 0x080: 'AVX-512 ZMM_Hi256'
Aug 03 16:17:52 ubuntu-victim kernel: x86/fpu: xstate_offset[2]:  576, xstate_sizes[2]:  256
Aug 03 16:17:52 ubuntu-victim kernel: x86/fpu: xstate_offset[5]:  832, xstate_sizes[5]:   64
Aug 03 16:17:52 ubuntu-victim kernel: x86/fpu: xstate_offset[6]:  896, xstate_sizes[6]:  512
Aug 03 16:17:52 ubuntu-victim kernel: x86/fpu: xstate_offset[7]: 1408, xstate_sizes[7]: 1024
Aug 03 16:17:52 ubuntu-victim kernel: x86/fpu: Enabled xstate features 0xe7, context size is 2432 bytes, using 'compacted' format.
Aug 03 16:17:52 ubuntu-victim kernel: e820: BIOS-provided physical RAM map:
Aug 03 16:17:52 ubuntu-victim kernel: BIOS-e820: [mem 0x0000000000000000-0x000000000009e7ff] usable
Aug 03 16:17:52 ubuntu-victim kernel: BIOS-e820: [mem 0x000000000009e800-0x000000000009ffff] reserved
Aug 03 16:17:52 ubuntu-victim kernel: BIOS-e820: [mem 0x00000000000dc000-0x00000000000fffff] reserved
Aug 03 16:17:52 ubuntu-victim kernel: BIOS-e820: [mem 0x0000000000100000-0x00000000bfecffff] usable
Aug 03 16:17:52 ubuntu-victim kernel: BIOS-e820: [mem 0x00000000bfed0000-0x00000000bfefefff] ACPI data
Aug 03 16:17:52 ubuntu-victim kernel: BIOS-e820: [mem 0x00000000bfeff000-0x00000000bfefffff] ACPI NVS
Aug 03 16:17:52 ubuntu-victim kernel: BIOS-e820: [mem 0x00000000bff00000-0x00000000bfffffff] usable
Aug 03 16:17:52 ubuntu-victim kernel: BIOS-e820: [mem 0x00000000f0000000-0x00000000f7ffffff] reserved
Aug 03 16:17:52 ubuntu-victim kernel: BIOS-e820: [mem 0x00000000fec00000-0x00000000fec0ffff] reserved
Aug 03 16:17:52 ubuntu-victim kernel: BIOS-e820: [mem 0x00000000fee00000-0x00000000fee00fff] reserved
Aug 03 16:17:52 ubuntu-victim kernel: BIOS-e820: [mem 0x00000000fffe0000-0x00000000ffffffff] reserved
Aug 03 16:17:52 ubuntu-victim kernel: BIOS-e820: [mem 0x0000000100000000-0x000000013fffffff] usable
Aug 03 16:17:52 ubuntu-victim kernel: NX (Execute Disable) protection: active
Aug 03 16:17:52 ubuntu-victim kernel: SMBIOS 2.7 present.
Aug 03 16:17:52 ubuntu-victim kernel: DMI: VMware, Inc. VMware Virtual Platform/440BX Desktop Reference Platform, BIOS 6.00 11/12/2020
Aug 03 16:17:52 ubuntu-victim kernel: Hypervisor detected: VMware
Aug 03 16:17:52 ubuntu-victim kernel: vmware: TSC freq read from hypervisor : 2611.200 MHz
Aug 03 16:17:52 ubuntu-victim kernel: vmware: Host bus clock speed read from hypervisor : 66000000 Hz
Aug 03 16:17:52 ubuntu-victim kernel: vmware: using sched offset of 8501354380 ns
Aug 03 16:17:52 ubuntu-victim kernel: e820: update [mem 0x00000000-0x00000fff] usable ==> reserved
Aug 03 16:17:52 ubuntu-victim kernel: e820: remove [mem 0x000a0000-0x000fffff] usable
Aug 03 16:17:52 ubuntu-victim kernel: e820: last_pfn = 0x140000 max_arch_pfn = 0x400000000
Aug 03 16:17:52 ubuntu-victim kernel: MTRR default type: uncachable
Aug 03 16:17:52 ubuntu-victim kernel: MTRR fixed ranges enabled:
Aug 03 16:17:52 ubuntu-victim kernel:   00000-9FFFF write-back
Aug 03 16:17:52 ubuntu-victim kernel:   A0000-BFFFF uncachable
Aug 03 16:17:52 ubuntu-victim kernel:   C0000-CFFFF write-protect
Aug 03 16:17:52 ubuntu-victim kernel:   D0000-EFFFF uncachable
Aug 03 16:17:52 ubuntu-victim kernel:   F0000-FFFFF write-protect
Aug 03 16:17:52 ubuntu-victim kernel: MTRR variable ranges enabled:
Aug 03 16:17:52 ubuntu-victim kernel:   0 base 000000000000 mask 1FE000000000 write-back
Aug 03 16:17:52 ubuntu-victim kernel:   1 base 0000C0000000 mask 1FFFC0000000 uncachable
Aug 03 16:17:52 ubuntu-victim kernel:   2 disabled
Aug 03 16:17:52 ubuntu-victim kernel:   3 disabled
Aug 03 16:17:52 ubuntu-victim kernel:   4 disabled
Aug 03 16:17:52 ubuntu-victim kernel:   5 disabled
Aug 03 16:17:52 ubuntu-victim kernel:   6 disabled
Aug 03 16:17:52 ubuntu-victim kernel:   7 disabled
Aug 03 16:17:52 ubuntu-victim kernel: x86/PAT: Configuration [0-7]: WB  WC  UC- UC  WB  WP  UC- WT  
Aug 03 16:17:52 ubuntu-victim kernel: total RAM covered: 130048M
Aug 03 16:17:52 ubuntu-victim kernel: Found optimal setting for mtrr clean up
Aug 03 16:17:52 ubuntu-victim kernel:  gran_size: 64K         chunk_size: 64K         num_reg: 7          lose cover RAM: 0G
Aug 03 16:17:52 ubuntu-victim kernel: e820: update [mem 0xc0000000-0xffffffff] usable ==> reserved
Aug 03 16:17:52 ubuntu-victim kernel: e820: last_pfn = 0xc0000 max_arch_pfn = 0x400000000
Aug 03 16:17:52 ubuntu-victim kernel: found SMP MP-table at [mem 0x000f6a70-0x000f6a7f]
Aug 03 16:17:52 ubuntu-victim kernel: Scanning 1 areas for low memory corruption
Aug 03 16:17:52 ubuntu-victim kernel: Using GB pages for direct mapping
Aug 03 16:17:52 ubuntu-victim kernel: RAMDISK: [mem 0x311c0000-0x348d7fff]
Aug 03 16:17:52 ubuntu-victim kernel: ACPI: Early table checksum verification disabled
Aug 03 16:17:52 ubuntu-victim kernel: ACPI: RSDP 0x00000000000F6A00 000024 (v02 PTLTD )
Aug 03 16:17:52 ubuntu-victim kernel: ACPI: XSDT 0x00000000BFEDC677 000054 (v01 INTEL  440BX    06040000 VMW  01324272)
Aug 03 16:17:52 ubuntu-victim kernel: ACPI: FACP 0x00000000BFEFEE73 0000F4 (v04 INTEL  440BX    06040000 PTL  000F4240)
Aug 03 16:17:52 ubuntu-victim kernel: ACPI: DSDT 0x00000000BFEDD9E8 02148B (v01 PTLTD  Custom   06040000 MSFT 03000001)
Aug 03 16:17:52 ubuntu-victim kernel: ACPI: FACS 0x00000000BFEFFFC0 000040
Aug 03 16:17:52 ubuntu-victim kernel: ACPI: FACS 0x00000000BFEFFFC0 000040
Aug 03 16:17:52 ubuntu-victim kernel: ACPI: BOOT 0x00000000BFEDD9C0 000028 (v01 PTLTD  $SBFTBL$ 06040000  LTP 00000001)
Aug 03 16:17:52 ubuntu-victim kernel: ACPI: APIC 0x00000000BFEDD27E 000742 (v01 PTLTD  ? APIC   06040000  LTP 00000000)
Aug 03 16:17:52 ubuntu-victim kernel: ACPI: MCFG 0x00000000BFEDD242 00003C (v01 PTLTD  $PCITBL$ 06040000  LTP 00000001)
Aug 03 16:17:52 ubuntu-victim kernel: ACPI: SRAT 0x00000000BFEDC72F 0008D0 (v02 VMWARE MEMPLUG  06040000 VMW  00000001)
Aug 03 16:17:52 ubuntu-victim kernel: ACPI: WAET 0x00000000BFEDC707 000028 (v01 VMWARE VMW WAET 06040000 VMW  00000001)
Aug 03 16:17:52 ubuntu-victim kernel: ACPI: Local APIC address 0xfee00000
Aug 03 16:17:52 ubuntu-victim kernel: system APIC only can use physical flat
Aug 03 16:17:52 ubuntu-victim kernel: Setting APIC routing to physical flat.
Aug 03 16:17:52 ubuntu-victim kernel: SRAT: PXM 0 -> APIC 0x00 -> Node 0
Aug 03 16:17:52 ubuntu-victim kernel: SRAT: PXM 0 -> APIC 0x01 -> Node 0
Aug 03 16:17:52 ubuntu-victim kernel: SRAT: PXM 0 -> APIC 0x02 -> Node 0
Aug 03 16:17:52 ubuntu-victim kernel: SRAT: PXM 0 -> APIC 0x03 -> Node 0
Aug 03 16:17:52 ubuntu-victim kernel: SRAT: PXM 0 -> APIC 0x04 -> Node 0
Aug 03 16:17:52 ubuntu-victim kernel: SRAT: PXM 0 -> APIC 0x05 -> Node 0
Aug 03 16:17:52 ubuntu-victim kernel: SRAT: PXM 0 -> APIC 0x06 -> Node 0
Aug 03 16:17:52 ubuntu-victim kernel: SRAT: PXM 0 -> APIC 0x07 -> Node 0
Aug 03 16:17:52 ubuntu-victim kernel: SRAT: PXM 0 -> APIC 0x08 -> Node 0
Aug 03 16:17:52 ubuntu-victim kernel: SRAT: PXM 0 -> APIC 0x09 -> Node 0
Aug 03 16:17:52 ubuntu-victim kernel: SRAT: PXM 0 -> APIC 0x0a -> Node 0
Aug 03 16:17:52 ubuntu-victim kernel: SRAT: PXM 0 -> APIC 0x0b -> Node 0
Aug 03 16:17:52 ubuntu-victim kernel: SRAT: PXM 0 -> APIC 0x0c -> Node 0
Aug 03 16:17:52 ubuntu-victim kernel: SRAT: PXM 0 -> APIC 0x0d -> Node 0
Aug 03 16:17:52 ubuntu-victim kernel: SRAT: PXM 0 -> APIC 0x0e -> Node 0
Aug 03 16:17:52 ubuntu-victim kernel: SRAT: PXM 0 -> APIC 0x0f -> Node 0
Aug 03 16:17:52 ubuntu-victim kernel: SRAT: PXM 0 -> APIC 0x10 -> Node 0
Aug 03 16:17:52 ubuntu-victim kernel: SRAT: PXM 0 -> APIC 0x11 -> Node 0
Aug 03 16:17:52 ubuntu-victim kernel: SRAT: PXM 0 -> APIC 0x12 -> Node 0
Aug 03 16:17:52 ubuntu-victim kernel: SRAT: PXM 0 -> APIC 0x13 -> Node 0
Aug 03 16:17:52 ubuntu-victim kernel: SRAT: PXM 0 -> APIC 0x14 -> Node 0
Aug 03 16:17:52 ubuntu-victim kernel: SRAT: PXM 0 -> APIC 0x15 -> Node 0
Aug 03 16:17:52 ubuntu-victim kernel: SRAT: PXM 0 -> APIC 0x16 -> Node 0
Aug 03 16:17:52 ubuntu-victim kernel: SRAT: PXM 0 -> APIC 0x17 -> Node 0
Aug 03 16:17:52 ubuntu-victim kernel: SRAT: PXM 0 -> APIC 0x18 -> Node 0
Aug 03 16:17:52 ubuntu-victim kernel: SRAT: PXM 0 -> APIC 0x19 -> Node 0
Aug 03 16:17:52 ubuntu-victim kernel: SRAT: PXM 0 -> APIC 0x1a -> Node 0
Aug 03 16:17:52 ubuntu-victim kernel: SRAT: PXM 0 -> APIC 0x1b -> Node 0
Aug 03 16:17:52 ubuntu-victim kernel: SRAT: PXM 0 -> APIC 0x1c -> Node 0
Aug 03 16:17:52 ubuntu-victim kernel: SRAT: PXM 0 -> APIC 0x1d -> Node 0
Aug 03 16:17:52 ubuntu-victim kernel: SRAT: PXM 0 -> APIC 0x1e -> Node 0
Aug 03 16:17:52 ubuntu-victim kernel: SRAT: PXM 0 -> APIC 0x1f -> Node 0
Aug 03 16:17:52 ubuntu-victim kernel: SRAT: PXM 0 -> APIC 0x20 -> Node 0
Aug 03 16:17:52 ubuntu-victim kernel: SRAT: PXM 0 -> APIC 0x21 -> Node 0
Aug 03 16:17:52 ubuntu-victim kernel: SRAT: PXM 0 -> APIC 0x22 -> Node 0
Aug 03 16:17:52 ubuntu-victim kernel: SRAT: PXM 0 -> APIC 0x23 -> Node 0
Aug 03 16:17:52 ubuntu-victim kernel: SRAT: PXM 0 -> APIC 0x24 -> Node 0
Aug 03 16:17:52 ubuntu-victim kernel: SRAT: PXM 0 -> APIC 0x25 -> Node 0
Aug 03 16:17:52 ubuntu-victim kernel: SRAT: PXM 0 -> APIC 0x26 -> Node 0
Aug 03 16:17:52 ubuntu-victim kernel: SRAT: PXM 0 -> APIC 0x27 -> Node 0
Aug 03 16:17:52 ubuntu-victim kernel: SRAT: PXM 0 -> APIC 0x28 -> Node 0
Aug 03 16:17:52 ubuntu-victim kernel: SRAT: PXM 0 -> APIC 0x29 -> Node 0
Aug 03 16:17:52 ubuntu-victim kernel: SRAT: PXM 0 -> APIC 0x2a -> Node 0
Aug 03 16:17:52 ubuntu-victim kernel: SRAT: PXM 0 -> APIC 0x2b -> Node 0
Aug 03 16:17:52 ubuntu-victim kernel: SRAT: PXM 0 -> APIC 0x2c -> Node 0
Aug 03 16:17:52 ubuntu-victim kernel: SRAT: PXM 0 -> APIC 0x2d -> Node 0
Aug 03 16:17:52 ubuntu-victim kernel: SRAT: PXM 0 -> APIC 0x2e -> Node 0
Aug 03 16:17:52 ubuntu-victim kernel: SRAT: PXM 0 -> APIC 0x2f -> Node 0
Aug 03 16:17:52 ubuntu-victim kernel: SRAT: PXM 0 -> APIC 0x30 -> Node 0
Aug 03 16:17:52 ubuntu-victim kernel: SRAT: PXM 0 -> APIC 0x31 -> Node 0
Aug 03 16:17:52 ubuntu-victim kernel: SRAT: PXM 0 -> APIC 0x32 -> Node 0
Aug 03 16:17:52 ubuntu-victim kernel: SRAT: PXM 0 -> APIC 0x33 -> Node 0
Aug 03 16:17:52 ubuntu-victim kernel: SRAT: PXM 0 -> APIC 0x34 -> Node 0
Aug 03 16:17:52 ubuntu-victim kernel: SRAT: PXM 0 -> APIC 0x35 -> Node 0
Aug 03 16:17:52 ubuntu-victim kernel: SRAT: PXM 0 -> APIC 0x36 -> Node 0
Aug 03 16:17:52 ubuntu-victim kernel: SRAT: PXM 0 -> APIC 0x37 -> Node 0
Aug 03 16:17:52 ubuntu-victim kernel: SRAT: PXM 0 -> APIC 0x38 -> Node 0
Aug 03 16:17:52 ubuntu-victim kernel: SRAT: PXM 0 -> APIC 0x39 -> Node 0
Aug 03 16:17:52 ubuntu-victim kernel: SRAT: PXM 0 -> APIC 0x3a -> Node 0
Aug 03 16:17:52 ubuntu-victim kernel: SRAT: PXM 0 -> APIC 0x3b -> Node 0
Aug 03 16:17:52 ubuntu-victim kernel: SRAT: PXM 0 -> APIC 0x3c -> Node 0
Aug 03 16:17:52 ubuntu-victim kernel: SRAT: PXM 0 -> APIC 0x3d -> Node 0
Aug 03 16:17:52 ubuntu-victim kernel: SRAT: PXM 0 -> APIC 0x3e -> Node 0
Aug 03 16:17:52 ubuntu-victim kernel: SRAT: PXM 0 -> APIC 0x3f -> Node 0
Aug 03 16:17:52 ubuntu-victim kernel: SRAT: PXM 0 -> APIC 0x40 -> Node 0
Aug 03 16:17:52 ubuntu-victim kernel: SRAT: PXM 0 -> APIC 0x41 -> Node 0
Aug 03 16:17:52 ubuntu-victim kernel: SRAT: PXM 0 -> APIC 0x42 -> Node 0
Aug 03 16:17:52 ubuntu-victim kernel: SRAT: PXM 0 -> APIC 0x43 -> Node 0
Aug 03 16:17:52 ubuntu-victim kernel: SRAT: PXM 0 -> APIC 0x44 -> Node 0
Aug 03 16:17:52 ubuntu-victim kernel: SRAT: PXM 0 -> APIC 0x45 -> Node 0
Aug 03 16:17:52 ubuntu-victim kernel: SRAT: PXM 0 -> APIC 0x46 -> Node 0
Aug 03 16:17:52 ubuntu-victim kernel: SRAT: PXM 0 -> APIC 0x47 -> Node 0
Aug 03 16:17:52 ubuntu-victim kernel: SRAT: PXM 0 -> APIC 0x48 -> Node 0
Aug 03 16:17:52 ubuntu-victim kernel: SRAT: PXM 0 -> APIC 0x49 -> Node 0
Aug 03 16:17:52 ubuntu-victim kernel: SRAT: PXM 0 -> APIC 0x4a -> Node 0
Aug 03 16:17:52 ubuntu-victim kernel: SRAT: PXM 0 -> APIC 0x4b -> Node 0
Aug 03 16:17:52 ubuntu-victim kernel: SRAT: PXM 0 -> APIC 0x4c -> Node 0
Aug 03 16:17:52 ubuntu-victim kernel: SRAT: PXM 0 -> APIC 0x4d -> Node 0
Aug 03 16:17:52 ubuntu-victim kernel: SRAT: PXM 0 -> APIC 0x4e -> Node 0
Aug 03 16:17:52 ubuntu-victim kernel: SRAT: PXM 0 -> APIC 0x4f -> Node 0
Aug 03 16:17:52 ubuntu-victim kernel: SRAT: PXM 0 -> APIC 0x50 -> Node 0
Aug 03 16:17:52 ubuntu-victim kernel: SRAT: PXM 0 -> APIC 0x51 -> Node 0
Aug 03 16:17:52 ubuntu-victim kernel: SRAT: PXM 0 -> APIC 0x52 -> Node 0
Aug 03 16:17:52 ubuntu-victim kernel: SRAT: PXM 0 -> APIC 0x53 -> Node 0
Aug 03 16:17:52 ubuntu-victim kernel: SRAT: PXM 0 -> APIC 0x54 -> Node 0
Aug 03 16:17:52 ubuntu-victim kernel: SRAT: PXM 0 -> APIC 0x55 -> Node 0
Aug 03 16:17:52 ubuntu-victim kernel: SRAT: PXM 0 -> APIC 0x56 -> Node 0
Aug 03 16:17:52 ubuntu-victim kernel: SRAT: PXM 0 -> APIC 0x57 -> Node 0
Aug 03 16:17:52 ubuntu-victim kernel: SRAT: PXM 0 -> APIC 0x58 -> Node 0
Aug 03 16:17:52 ubuntu-victim kernel: SRAT: PXM 0 -> APIC 0x59 -> Node 0
Aug 03 16:17:52 ubuntu-victim kernel: SRAT: PXM 0 -> APIC 0x5a -> Node 0
Aug 03 16:17:52 ubuntu-victim kernel: SRAT: PXM 0 -> APIC 0x5b -> Node 0
Aug 03 16:17:52 ubuntu-victim kernel: SRAT: PXM 0 -> APIC 0x5c -> Node 0
Aug 03 16:17:52 ubuntu-victim kernel: SRAT: PXM 0 -> APIC 0x5d -> Node 0
Aug 03 16:17:52 ubuntu-victim kernel: SRAT: PXM 0 -> APIC 0x5e -> Node 0
Aug 03 16:17:52 ubuntu-victim kernel: SRAT: PXM 0 -> APIC 0x5f -> Node 0
Aug 03 16:17:52 ubuntu-victim kernel: SRAT: PXM 0 -> APIC 0x60 -> Node 0
Aug 03 16:17:52 ubuntu-victim kernel: SRAT: PXM 0 -> APIC 0x61 -> Node 0
Aug 03 16:17:52 ubuntu-victim kernel: SRAT: PXM 0 -> APIC 0x62 -> Node 0
Aug 03 16:17:52 ubuntu-victim kernel: SRAT: PXM 0 -> APIC 0x63 -> Node 0
Aug 03 16:17:52 ubuntu-victim kernel: SRAT: PXM 0 -> APIC 0x64 -> Node 0
Aug 03 16:17:52 ubuntu-victim kernel: SRAT: PXM 0 -> APIC 0x65 -> Node 0
Aug 03 16:17:52 ubuntu-victim kernel: SRAT: PXM 0 -> APIC 0x66 -> Node 0
Aug 03 16:17:52 ubuntu-victim kernel: SRAT: PXM 0 -> APIC 0x67 -> Node 0
Aug 03 16:17:52 ubuntu-victim kernel: SRAT: PXM 0 -> APIC 0x68 -> Node 0
Aug 03 16:17:52 ubuntu-victim kernel: SRAT: PXM 0 -> APIC 0x69 -> Node 0
Aug 03 16:17:52 ubuntu-victim kernel: SRAT: PXM 0 -> APIC 0x6a -> Node 0
Aug 03 16:17:52 ubuntu-victim kernel: SRAT: PXM 0 -> APIC 0x6b -> Node 0
Aug 03 16:17:52 ubuntu-victim kernel: SRAT: PXM 0 -> APIC 0x6c -> Node 0
Aug 03 16:17:52 ubuntu-victim kernel: SRAT: PXM 0 -> APIC 0x6d -> Node 0
Aug 03 16:17:52 ubuntu-victim kernel: SRAT: PXM 0 -> APIC 0x6e -> Node 0
Aug 03 16:17:52 ubuntu-victim kernel: SRAT: PXM 0 -> APIC 0x6f -> Node 0
Aug 03 16:17:52 ubuntu-victim kernel: SRAT: PXM 0 -> APIC 0x70 -> Node 0
Aug 03 16:17:52 ubuntu-victim kernel: SRAT: PXM 0 -> APIC 0x71 -> Node 0
Aug 03 16:17:52 ubuntu-victim kernel: SRAT: PXM 0 -> APIC 0x72 -> Node 0
Aug 03 16:17:52 ubuntu-victim kernel: SRAT: PXM 0 -> APIC 0x73 -> Node 0
Aug 03 16:17:52 ubuntu-victim kernel: SRAT: PXM 0 -> APIC 0x74 -> Node 0
Aug 03 16:17:52 ubuntu-victim kernel: SRAT: PXM 0 -> APIC 0x75 -> Node 0
Aug 03 16:17:52 ubuntu-victim kernel: SRAT: PXM 0 -> APIC 0x76 -> Node 0
Aug 03 16:17:52 ubuntu-victim kernel: SRAT: PXM 0 -> APIC 0x77 -> Node 0
Aug 03 16:17:52 ubuntu-victim kernel: SRAT: PXM 0 -> APIC 0x78 -> Node 0
Aug 03 16:17:52 ubuntu-victim kernel: SRAT: PXM 0 -> APIC 0x79 -> Node 0
Aug 03 16:17:52 ubuntu-victim kernel: SRAT: PXM 0 -> APIC 0x7a -> Node 0
Aug 03 16:17:52 ubuntu-victim kernel: SRAT: PXM 0 -> APIC 0x7b -> Node 0
Aug 03 16:17:52 ubuntu-victim kernel: SRAT: PXM 0 -> APIC 0x7c -> Node 0
Aug 03 16:17:52 ubuntu-victim kernel: SRAT: PXM 0 -> APIC 0x7d -> Node 0
Aug 03 16:17:52 ubuntu-victim kernel: SRAT: PXM 0 -> APIC 0x7e -> Node 0
Aug 03 16:17:52 ubuntu-victim kernel: SRAT: PXM 0 -> APIC 0x7f -> Node 0
Aug 03 16:17:52 ubuntu-victim kernel: ACPI: SRAT: Node 0 PXM 0 [mem 0x00000000-0x0009ffff]
Aug 03 16:17:52 ubuntu-victim kernel: ACPI: SRAT: Node 0 PXM 0 [mem 0x00100000-0xbfffffff]
Aug 03 16:17:52 ubuntu-victim kernel: ACPI: SRAT: Node 0 PXM 0 [mem 0x100000000-0x13fffffff]
Aug 03 16:17:52 ubuntu-victim kernel: ACPI: SRAT: Node 0 PXM 0 [mem 0x140000000-0x103fffffff] hotplug
Aug 03 16:17:52 ubuntu-victim kernel: NUMA: Node 0 [mem 0x00000000-0x0009ffff] + [mem 0x00100000-0xbfffffff] -> [mem 0x00000000-0xbfffffff]
Aug 03 16:17:52 ubuntu-victim kernel: NUMA: Node 0 [mem 0x00000000-0xbfffffff] + [mem 0x100000000-0x13fffffff] -> [mem 0x00000000-0x13fffffff]
Aug 03 16:17:52 ubuntu-victim kernel: NODE_DATA(0) allocated [mem 0x13ffd3000-0x13fffdfff]
Aug 03 16:17:52 ubuntu-victim kernel: Zone ranges:
Aug 03 16:17:52 ubuntu-victim kernel:   DMA      [mem 0x0000000000001000-0x0000000000ffffff]
Aug 03 16:17:52 ubuntu-victim kernel:   DMA32    [mem 0x0000000001000000-0x00000000ffffffff]
Aug 03 16:17:52 ubuntu-victim kernel:   Normal   [mem 0x0000000100000000-0x000000013fffffff]
Aug 03 16:17:52 ubuntu-victim kernel:   Device   empty
Aug 03 16:17:52 ubuntu-victim kernel: Movable zone start for each node
Aug 03 16:17:52 ubuntu-victim kernel: Early memory node ranges
Aug 03 16:17:52 ubuntu-victim kernel:   node   0: [mem 0x0000000000001000-0x000000000009dfff]
Aug 03 16:17:52 ubuntu-victim kernel:   node   0: [mem 0x0000000000100000-0x00000000bfecffff]
Aug 03 16:17:52 ubuntu-victim kernel:   node   0: [mem 0x00000000bff00000-0x00000000bfffffff]
Aug 03 16:17:52 ubuntu-victim kernel:   node   0: [mem 0x0000000100000000-0x000000013fffffff]
Aug 03 16:17:52 ubuntu-victim kernel: Reserved but unavailable: 99 pages
Aug 03 16:17:52 ubuntu-victim kernel: Initmem setup node 0 [mem 0x0000000000001000-0x000000013fffffff]
Aug 03 16:17:52 ubuntu-victim kernel: On node 0 totalpages: 1048429
Aug 03 16:17:52 ubuntu-victim kernel:   DMA zone: 64 pages used for memmap
Aug 03 16:17:52 ubuntu-victim kernel:   DMA zone: 21 pages reserved
Aug 03 16:17:52 ubuntu-victim kernel:   DMA zone: 3997 pages, LIFO batch:0
Aug 03 16:17:52 ubuntu-victim kernel:   DMA32 zone: 12224 pages used for memmap
Aug 03 16:17:52 ubuntu-victim kernel:   DMA32 zone: 782288 pages, LIFO batch:31
Aug 03 16:17:52 ubuntu-victim kernel:   Normal zone: 4096 pages used for memmap
Aug 03 16:17:52 ubuntu-victim kernel:   Normal zone: 262144 pages, LIFO batch:31
Aug 03 16:17:52 ubuntu-victim kernel: ACPI: PM-Timer IO Port: 0x1008
Aug 03 16:17:52 ubuntu-victim kernel: ACPI: Local APIC address 0xfee00000
Aug 03 16:17:52 ubuntu-victim kernel: system APIC only can use physical flat
Aug 03 16:17:52 ubuntu-victim kernel: ACPI: LAPIC_NMI (acpi_id[0x00] high edge lint[0x1])
Aug 03 16:17:52 ubuntu-victim kernel: ACPI: LAPIC_NMI (acpi_id[0x01] high edge lint[0x1])
Aug 03 16:17:52 ubuntu-victim kernel: ACPI: LAPIC_NMI (acpi_id[0x02] high edge lint[0x1])
Aug 03 16:17:52 ubuntu-victim kernel: ACPI: LAPIC_NMI (acpi_id[0x03] high edge lint[0x1])
Aug 03 16:17:52 ubuntu-victim kernel: ACPI: LAPIC_NMI (acpi_id[0x04] high edge lint[0x1])
Aug 03 16:17:52 ubuntu-victim kernel: ACPI: LAPIC_NMI (acpi_id[0x05] high edge lint[0x1])
Aug 03 16:17:52 ubuntu-victim kernel: ACPI: LAPIC_NMI (acpi_id[0x06] high edge lint[0x1])
Aug 03 16:17:52 ubuntu-victim kernel: ACPI: LAPIC_NMI (acpi_id[0x07] high edge lint[0x1])
Aug 03 16:17:52 ubuntu-victim kernel: ACPI: LAPIC_NMI (acpi_id[0x08] high edge lint[0x1])
Aug 03 16:17:52 ubuntu-victim kernel: ACPI: LAPIC_NMI (acpi_id[0x09] high edge lint[0x1])
Aug 03 16:17:52 ubuntu-victim kernel: ACPI: LAPIC_NMI (acpi_id[0x0a] high edge lint[0x1])
Aug 03 16:17:52 ubuntu-victim kernel: ACPI: LAPIC_NMI (acpi_id[0x0b] high edge lint[0x1])
Aug 03 16:17:52 ubuntu-victim kernel: ACPI: LAPIC_NMI (acpi_id[0x0c] high edge lint[0x1])
Aug 03 16:17:52 ubuntu-victim kernel: ACPI: LAPIC_NMI (acpi_id[0x0d] high edge lint[0x1])
Aug 03 16:17:52 ubuntu-victim kernel: ACPI: LAPIC_NMI (acpi_id[0x0e] high edge lint[0x1])
Aug 03 16:17:52 ubuntu-victim kernel: ACPI: LAPIC_NMI (acpi_id[0x0f] high edge lint[0x1])
Aug 03 16:17:52 ubuntu-victim kernel: ACPI: LAPIC_NMI (acpi_id[0x10] high edge lint[0x1])
Aug 03 16:17:52 ubuntu-victim kernel: ACPI: LAPIC_NMI (acpi_id[0x11] high edge lint[0x1])
Aug 03 16:17:52 ubuntu-victim kernel: ACPI: LAPIC_NMI (acpi_id[0x12] high edge lint[0x1])
Aug 03 16:17:52 ubuntu-victim kernel: ACPI: LAPIC_NMI (acpi_id[0x13] high edge lint[0x1])
Aug 03 16:17:52 ubuntu-victim kernel: ACPI: LAPIC_NMI (acpi_id[0x14] high edge lint[0x1])
Aug 03 16:17:52 ubuntu-victim kernel: ACPI: LAPIC_NMI (acpi_id[0x15] high edge lint[0x1])
Aug 03 16:17:52 ubuntu-victim kernel: ACPI: LAPIC_NMI (acpi_id[0x16] high edge lint[0x1])
Aug 03 16:17:52 ubuntu-victim kernel: ACPI: LAPIC_NMI (acpi_id[0x17] high edge lint[0x1])
Aug 03 16:17:52 ubuntu-victim kernel: ACPI: LAPIC_NMI (acpi_id[0x18] high edge lint[0x1])
Aug 03 16:17:52 ubuntu-victim kernel: ACPI: LAPIC_NMI (acpi_id[0x19] high edge lint[0x1])
Aug 03 16:17:52 ubuntu-victim kernel: ACPI: LAPIC_NMI (acpi_id[0x1a] high edge lint[0x1])
Aug 03 16:17:52 ubuntu-victim kernel: ACPI: LAPIC_NMI (acpi_id[0x1b] high edge lint[0x1])
Aug 03 16:17:52 ubuntu-victim kernel: ACPI: LAPIC_NMI (acpi_id[0x1c] high edge lint[0x1])
Aug 03 16:17:52 ubuntu-victim kernel: ACPI: LAPIC_NMI (acpi_id[0x1d] high edge lint[0x1])
Aug 03 16:17:52 ubuntu-victim kernel: ACPI: LAPIC_NMI (acpi_id[0x1e] high edge lint[0x1])
Aug 03 16:17:52 ubuntu-victim kernel: ACPI: LAPIC_NMI (acpi_id[0x1f] high edge lint[0x1])
Aug 03 16:17:52 ubuntu-victim kernel: ACPI: LAPIC_NMI (acpi_id[0x20] high edge lint[0x1])
Aug 03 16:17:52 ubuntu-victim kernel: ACPI: LAPIC_NMI (acpi_id[0x21] high edge lint[0x1])
Aug 03 16:17:52 ubuntu-victim kernel: ACPI: LAPIC_NMI (acpi_id[0x22] high edge lint[0x1])
Aug 03 16:17:52 ubuntu-victim kernel: ACPI: LAPIC_NMI (acpi_id[0x23] high edge lint[0x1])
Aug 03 16:17:52 ubuntu-victim kernel: ACPI: LAPIC_NMI (acpi_id[0x24] high edge lint[0x1])
Aug 03 16:17:52 ubuntu-victim kernel: ACPI: LAPIC_NMI (acpi_id[0x25] high edge lint[0x1])
Aug 03 16:17:52 ubuntu-victim kernel: ACPI: LAPIC_NMI (acpi_id[0x26] high edge lint[0x1])
Aug 03 16:17:52 ubuntu-victim kernel: ACPI: LAPIC_NMI (acpi_id[0x27] high edge lint[0x1])
Aug 03 16:17:52 ubuntu-victim kernel: ACPI: LAPIC_NMI (acpi_id[0x28] high edge lint[0x1])
Aug 03 16:17:52 ubuntu-victim kernel: ACPI: LAPIC_NMI (acpi_id[0x29] high edge lint[0x1])
Aug 03 16:17:52 ubuntu-victim kernel: ACPI: LAPIC_NMI (acpi_id[0x2a] high edge lint[0x1])
Aug 03 16:17:52 ubuntu-victim kernel: ACPI: LAPIC_NMI (acpi_id[0x2b] high edge lint[0x1])
Aug 03 16:17:52 ubuntu-victim kernel: ACPI: LAPIC_NMI (acpi_id[0x2c] high edge lint[0x1])
Aug 03 16:17:52 ubuntu-victim kernel: ACPI: LAPIC_NMI (acpi_id[0x2d] high edge lint[0x1])
Aug 03 16:17:52 ubuntu-victim kernel: ACPI: LAPIC_NMI (acpi_id[0x2e] high edge lint[0x1])
Aug 03 16:17:52 ubuntu-victim kernel: ACPI: LAPIC_NMI (acpi_id[0x2f] high edge lint[0x1])
Aug 03 16:17:52 ubuntu-victim kernel: ACPI: LAPIC_NMI (acpi_id[0x30] high edge lint[0x1])
Aug 03 16:17:52 ubuntu-victim kernel: ACPI: LAPIC_NMI (acpi_id[0x31] high edge lint[0x1])
Aug 03 16:17:52 ubuntu-victim kernel: ACPI: LAPIC_NMI (acpi_id[0x32] high edge lint[0x1])
Aug 03 16:17:52 ubuntu-victim kernel: ACPI: LAPIC_NMI (acpi_id[0x33] high edge lint[0x1])
Aug 03 16:17:52 ubuntu-victim kernel: ACPI: LAPIC_NMI (acpi_id[0x34] high edge lint[0x1])
Aug 03 16:17:52 ubuntu-victim kernel: ACPI: LAPIC_NMI (acpi_id[0x35] high edge lint[0x1])
Aug 03 16:17:52 ubuntu-victim kernel: ACPI: LAPIC_NMI (acpi_id[0x36] high edge lint[0x1])
Aug 03 16:17:52 ubuntu-victim kernel: ACPI: LAPIC_NMI (acpi_id[0x37] high edge lint[0x1])
Aug 03 16:17:52 ubuntu-victim kernel: ACPI: LAPIC_NMI (acpi_id[0x38] high edge lint[0x1])
Aug 03 16:17:52 ubuntu-victim kernel: ACPI: LAPIC_NMI (acpi_id[0x39] high edge lint[0x1])
Aug 03 16:17:52 ubuntu-victim kernel: ACPI: LAPIC_NMI (acpi_id[0x3a] high edge lint[0x1])
Aug 03 16:17:52 ubuntu-victim kernel: ACPI: LAPIC_NMI (acpi_id[0x3b] high edge lint[0x1])
Aug 03 16:17:52 ubuntu-victim kernel: ACPI: LAPIC_NMI (acpi_id[0x3c] high edge lint[0x1])
Aug 03 16:17:52 ubuntu-victim kernel: ACPI: LAPIC_NMI (acpi_id[0x3d] high edge lint[0x1])
Aug 03 16:17:52 ubuntu-victim kernel: ACPI: LAPIC_NMI (acpi_id[0x3e] high edge lint[0x1])
Aug 03 16:17:52 ubuntu-victim kernel: ACPI: LAPIC_NMI (acpi_id[0x3f] high edge lint[0x1])
Aug 03 16:17:52 ubuntu-victim kernel: ACPI: LAPIC_NMI (acpi_id[0x40] high edge lint[0x1])
Aug 03 16:17:52 ubuntu-victim kernel: ACPI: LAPIC_NMI (acpi_id[0x41] high edge lint[0x1])
Aug 03 16:17:52 ubuntu-victim kernel: ACPI: LAPIC_NMI (acpi_id[0x42] high edge lint[0x1])
Aug 03 16:17:52 ubuntu-victim kernel: ACPI: LAPIC_NMI (acpi_id[0x43] high edge lint[0x1])
Aug 03 16:17:52 ubuntu-victim kernel: ACPI: LAPIC_NMI (acpi_id[0x44] high edge lint[0x1])
Aug 03 16:17:52 ubuntu-victim kernel: ACPI: LAPIC_NMI (acpi_id[0x45] high edge lint[0x1])
Aug 03 16:17:52 ubuntu-victim kernel: ACPI: LAPIC_NMI (acpi_id[0x46] high edge lint[0x1])
Aug 03 16:17:52 ubuntu-victim kernel: ACPI: LAPIC_NMI (acpi_id[0x47] high edge lint[0x1])
Aug 03 16:17:52 ubuntu-victim kernel: ACPI: LAPIC_NMI (acpi_id[0x48] high edge lint[0x1])
Aug 03 16:17:52 ubuntu-victim kernel: ACPI: LAPIC_NMI (acpi_id[0x49] high edge lint[0x1])
Aug 03 16:17:52 ubuntu-victim kernel: ACPI: LAPIC_NMI (acpi_id[0x4a] high edge lint[0x1])
Aug 03 16:17:52 ubuntu-victim kernel: ACPI: LAPIC_NMI (acpi_id[0x4b] high edge lint[0x1])
Aug 03 16:17:52 ubuntu-victim kernel: ACPI: LAPIC_NMI (acpi_id[0x4c] high edge lint[0x1])
Aug 03 16:17:52 ubuntu-victim kernel: ACPI: LAPIC_NMI (acpi_id[0x4d] high edge lint[0x1])
Aug 03 16:17:52 ubuntu-victim kernel: ACPI: LAPIC_NMI (acpi_id[0x4e] high edge lint[0x1])
Aug 03 16:17:52 ubuntu-victim kernel: ACPI: LAPIC_NMI (acpi_id[0x4f] high edge lint[0x1])
Aug 03 16:17:52 ubuntu-victim kernel: ACPI: LAPIC_NMI (acpi_id[0x50] high edge lint[0x1])
Aug 03 16:17:52 ubuntu-victim kernel: ACPI: LAPIC_NMI (acpi_id[0x51] high edge lint[0x1])
Aug 03 16:17:52 ubuntu-victim kernel: ACPI: LAPIC_NMI (acpi_id[0x52] high edge lint[0x1])
Aug 03 16:17:52 ubuntu-victim kernel: ACPI: LAPIC_NMI (acpi_id[0x53] high edge lint[0x1])
Aug 03 16:17:52 ubuntu-victim kernel: ACPI: LAPIC_NMI (acpi_id[0x54] high edge lint[0x1])
Aug 03 16:17:52 ubuntu-victim kernel: ACPI: LAPIC_NMI (acpi_id[0x55] high edge lint[0x1])
Aug 03 16:17:52 ubuntu-victim kernel: ACPI: LAPIC_NMI (acpi_id[0x56] high edge lint[0x1])
Aug 03 16:17:52 ubuntu-victim kernel: ACPI: LAPIC_NMI (acpi_id[0x57] high edge lint[0x1])
Aug 03 16:17:52 ubuntu-victim kernel: ACPI: LAPIC_NMI (acpi_id[0x58] high edge lint[0x1])
Aug 03 16:17:52 ubuntu-victim kernel: ACPI: LAPIC_NMI (acpi_id[0x59] high edge lint[0x1])
Aug 03 16:17:52 ubuntu-victim kernel: ACPI: LAPIC_NMI (acpi_id[0x5a] high edge lint[0x1])
Aug 03 16:17:52 ubuntu-victim kernel: ACPI: LAPIC_NMI (acpi_id[0x5b] high edge lint[0x1])
Aug 03 16:17:52 ubuntu-victim kernel: ACPI: LAPIC_NMI (acpi_id[0x5c] high edge lint[0x1])
Aug 03 16:17:52 ubuntu-victim kernel: ACPI: LAPIC_NMI (acpi_id[0x5d] high edge lint[0x1])
Aug 03 16:17:52 ubuntu-victim kernel: ACPI: LAPIC_NMI (acpi_id[0x5e] high edge lint[0x1])
Aug 03 16:17:52 ubuntu-victim kernel: ACPI: LAPIC_NMI (acpi_id[0x5f] high edge lint[0x1])
Aug 03 16:17:52 ubuntu-victim kernel: ACPI: LAPIC_NMI (acpi_id[0x60] high edge lint[0x1])
Aug 03 16:17:52 ubuntu-victim kernel: ACPI: LAPIC_NMI (acpi_id[0x61] high edge lint[0x1])
Aug 03 16:17:52 ubuntu-victim kernel: ACPI: LAPIC_NMI (acpi_id[0x62] high edge lint[0x1])
Aug 03 16:17:52 ubuntu-victim kernel: ACPI: LAPIC_NMI (acpi_id[0x63] high edge lint[0x1])
Aug 03 16:17:52 ubuntu-victim kernel: ACPI: LAPIC_NMI (acpi_id[0x64] high edge lint[0x1])
Aug 03 16:17:52 ubuntu-victim kernel: ACPI: LAPIC_NMI (acpi_id[0x65] high edge lint[0x1])
Aug 03 16:17:52 ubuntu-victim kernel: ACPI: LAPIC_NMI (acpi_id[0x66] high edge lint[0x1])
Aug 03 16:17:52 ubuntu-victim kernel: ACPI: LAPIC_NMI (acpi_id[0x67] high edge lint[0x1])
Aug 03 16:17:52 ubuntu-victim kernel: ACPI: LAPIC_NMI (acpi_id[0x68] high edge lint[0x1])
Aug 03 16:17:52 ubuntu-victim kernel: ACPI: LAPIC_NMI (acpi_id[0x69] high edge lint[0x1])
Aug 03 16:17:52 ubuntu-victim kernel: ACPI: LAPIC_NMI (acpi_id[0x6a] high edge lint[0x1])
Aug 03 16:17:52 ubuntu-victim kernel: ACPI: LAPIC_NMI (acpi_id[0x6b] high edge lint[0x1])
Aug 03 16:17:52 ubuntu-victim kernel: ACPI: LAPIC_NMI (acpi_id[0x6c] high edge lint[0x1])
Aug 03 16:17:52 ubuntu-victim kernel: ACPI: LAPIC_NMI (acpi_id[0x6d] high edge lint[0x1])
Aug 03 16:17:52 ubuntu-victim kernel: ACPI: LAPIC_NMI (acpi_id[0x6e] high edge lint[0x1])
Aug 03 16:17:52 ubuntu-victim kernel: ACPI: LAPIC_NMI (acpi_id[0x6f] high edge lint[0x1])
Aug 03 16:17:52 ubuntu-victim kernel: ACPI: LAPIC_NMI (acpi_id[0x70] high edge lint[0x1])
Aug 03 16:17:52 ubuntu-victim kernel: ACPI: LAPIC_NMI (acpi_id[0x71] high edge lint[0x1])
Aug 03 16:17:52 ubuntu-victim kernel: ACPI: LAPIC_NMI (acpi_id[0x72] high edge lint[0x1])
Aug 03 16:17:52 ubuntu-victim kernel: ACPI: LAPIC_NMI (acpi_id[0x73] high edge lint[0x1])
Aug 03 16:17:52 ubuntu-victim kernel: ACPI: LAPIC_NMI (acpi_id[0x74] high edge lint[0x1])
Aug 03 16:17:52 ubuntu-victim kernel: ACPI: LAPIC_NMI (acpi_id[0x75] high edge lint[0x1])
Aug 03 16:17:52 ubuntu-victim kernel: ACPI: LAPIC_NMI (acpi_id[0x76] high edge lint[0x1])
Aug 03 16:17:52 ubuntu-victim kernel: ACPI: LAPIC_NMI (acpi_id[0x77] high edge lint[0x1])
Aug 03 16:17:52 ubuntu-victim kernel: ACPI: LAPIC_NMI (acpi_id[0x78] high edge lint[0x1])
Aug 03 16:17:52 ubuntu-victim kernel: ACPI: LAPIC_NMI (acpi_id[0x79] high edge lint[0x1])
Aug 03 16:17:52 ubuntu-victim kernel: ACPI: LAPIC_NMI (acpi_id[0x7a] high edge lint[0x1])
Aug 03 16:17:52 ubuntu-victim kernel: ACPI: LAPIC_NMI (acpi_id[0x7b] high edge lint[0x1])
Aug 03 16:17:52 ubuntu-victim kernel: ACPI: LAPIC_NMI (acpi_id[0x7c] high edge lint[0x1])
Aug 03 16:17:52 ubuntu-victim kernel: ACPI: LAPIC_NMI (acpi_id[0x7d] high edge lint[0x1])
Aug 03 16:17:52 ubuntu-victim kernel: ACPI: LAPIC_NMI (acpi_id[0x7e] high edge lint[0x1])
Aug 03 16:17:52 ubuntu-victim kernel: ACPI: LAPIC_NMI (acpi_id[0x7f] high edge lint[0x1])
Aug 03 16:17:52 ubuntu-victim kernel: IOAPIC[0]: apic_id 128, version 32, address 0xfec00000, GSI 0-23
Aug 03 16:17:52 ubuntu-victim kernel: ACPI: INT_SRC_OVR (bus 0 bus_irq 0 global_irq 2 high edge)
Aug 03 16:17:52 ubuntu-victim kernel: ACPI: IRQ0 used by override.
Aug 03 16:17:52 ubuntu-victim kernel: ACPI: IRQ9 used by override.
Aug 03 16:17:52 ubuntu-victim kernel: Using ACPI (MADT) for SMP configuration information
Aug 03 16:17:52 ubuntu-victim kernel: smpboot: Allowing 128 CPUs, 124 hotplug CPUs
Aug 03 16:17:52 ubuntu-victim kernel: PM: Registered nosave memory: [mem 0x00000000-0x00000fff]
Aug 03 16:17:52 ubuntu-victim kernel: PM: Registered nosave memory: [mem 0x0009e000-0x0009efff]
Aug 03 16:17:52 ubuntu-victim kernel: PM: Registered nosave memory: [mem 0x0009f000-0x0009ffff]
Aug 03 16:17:52 ubuntu-victim kernel: PM: Registered nosave memory: [mem 0x000a0000-0x000dbfff]
Aug 03 16:17:52 ubuntu-victim kernel: PM: Registered nosave memory: [mem 0x000dc000-0x000fffff]
Aug 03 16:17:52 ubuntu-victim kernel: PM: Registered nosave memory: [mem 0xbfed0000-0xbfefefff]
Aug 03 16:17:52 ubuntu-victim kernel: PM: Registered nosave memory: [mem 0xbfeff000-0xbfefffff]
Aug 03 16:17:52 ubuntu-victim kernel: PM: Registered nosave memory: [mem 0xc0000000-0xefffffff]
Aug 03 16:17:52 ubuntu-victim kernel: PM: Registered nosave memory: [mem 0xf0000000-0xf7ffffff]
Aug 03 16:17:52 ubuntu-victim kernel: PM: Registered nosave memory: [mem 0xf8000000-0xfebfffff]
Aug 03 16:17:52 ubuntu-victim kernel: PM: Registered nosave memory: [mem 0xfec00000-0xfec0ffff]
Aug 03 16:17:52 ubuntu-victim kernel: PM: Registered nosave memory: [mem 0xfec10000-0xfedfffff]
Aug 03 16:17:52 ubuntu-victim kernel: PM: Registered nosave memory: [mem 0xfee00000-0xfee00fff]
Aug 03 16:17:52 ubuntu-victim kernel: PM: Registered nosave memory: [mem 0xfee01000-0xfffdffff]
Aug 03 16:17:52 ubuntu-victim kernel: PM: Registered nosave memory: [mem 0xfffe0000-0xffffffff]
Aug 03 16:17:52 ubuntu-victim kernel: e820: [mem 0xc0000000-0xefffffff] available for PCI devices
Aug 03 16:17:52 ubuntu-victim kernel: Booting paravirtualized kernel on VMware hypervisor
Aug 03 16:17:52 ubuntu-victim kernel: clocksource: refined-jiffies: mask: 0xffffffff max_cycles: 0xffffffff, max_idle_ns: 7645519600211568 ns
Aug 03 16:17:52 ubuntu-victim kernel: random: get_random_bytes called from start_kernel+0x99/0x51e with crng_init=0
Aug 03 16:17:52 ubuntu-victim kernel: setup_percpu: NR_CPUS:8192 nr_cpumask_bits:128 nr_cpu_ids:128 nr_node_ids:1
Aug 03 16:17:52 ubuntu-victim kernel: percpu: Embedded 45 pages/cpu s147456 r8192 d28672 u262144
Aug 03 16:17:52 ubuntu-victim kernel: pcpu-alloc: s147456 r8192 d28672 u262144 alloc=1*2097152
Aug 03 16:17:52 ubuntu-victim kernel: pcpu-alloc: [0] 000 001 002 003 004 005 006 007 
Aug 03 16:17:52 ubuntu-victim kernel: pcpu-alloc: [0] 008 009 010 011 012 013 014 015 
Aug 03 16:17:52 ubuntu-victim kernel: pcpu-alloc: [0] 016 017 018 019 020 021 022 023 
Aug 03 16:17:52 ubuntu-victim kernel: pcpu-alloc: [0] 024 025 026 027 028 029 030 031 
Aug 03 16:17:52 ubuntu-victim kernel: pcpu-alloc: [0] 032 033 034 035 036 037 038 039 
Aug 03 16:17:52 ubuntu-victim kernel: pcpu-alloc: [0] 040 041 042 043 044 045 046 047 
Aug 03 16:17:52 ubuntu-victim kernel: pcpu-alloc: [0] 048 049 050 051 052 053 054 055 
Aug 03 16:17:52 ubuntu-victim kernel: pcpu-alloc: [0] 056 057 058 059 060 061 062 063 
Aug 03 16:17:52 ubuntu-victim kernel: pcpu-alloc: [0] 064 065 066 067 068 069 070 071 
Aug 03 16:17:52 ubuntu-victim kernel: pcpu-alloc: [0] 072 073 074 075 076 077 078 079 
Aug 03 16:17:52 ubuntu-victim kernel: pcpu-alloc: [0] 080 081 082 083 084 085 086 087 
Aug 03 16:17:52 ubuntu-victim kernel: pcpu-alloc: [0] 088 089 090 091 092 093 094 095 
Aug 03 16:17:52 ubuntu-victim kernel: pcpu-alloc: [0] 096 097 098 099 100 101 102 103 
Aug 03 16:17:52 ubuntu-victim kernel: pcpu-alloc: [0] 104 105 106 107 108 109 110 111 
Aug 03 16:17:52 ubuntu-victim kernel: pcpu-alloc: [0] 112 113 114 115 116 117 118 119 
Aug 03 16:17:52 ubuntu-victim kernel: pcpu-alloc: [0] 120 121 122 123 124 125 126 127 
Aug 03 16:17:52 ubuntu-victim kernel: Built 1 zonelists, mobility grouping on.  Total pages: 1032024
Aug 03 16:17:52 ubuntu-victim kernel: Policy zone: Normal
Aug 03 16:17:52 ubuntu-victim kernel: Kernel command line: BOOT_IMAGE=/vmlinuz-4.15.0-142-generic root=/dev/mapper/ubuntu--vg-root ro quiet splash
Aug 03 16:17:52 ubuntu-victim kernel: log_buf_len individual max cpu contribution: 4096 bytes
Aug 03 16:17:52 ubuntu-victim kernel: log_buf_len total cpu_extra contributions: 520192 bytes
Aug 03 16:17:52 ubuntu-victim kernel: log_buf_len min size: 262144 bytes
Aug 03 16:17:52 ubuntu-victim kernel: log_buf_len: 1048576 bytes
Aug 03 16:17:52 ubuntu-victim kernel: early log buf free: 235704(89%)
Aug 03 16:17:52 ubuntu-victim kernel: Calgary: detecting Calgary via BIOS EBDA area
Aug 03 16:17:52 ubuntu-victim kernel: Calgary: Unable to locate Rio Grande table in EBDA - bailing!
Aug 03 16:17:52 ubuntu-victim kernel: Memory: 3953072K/4193716K available (12300K kernel code, 2482K rwdata, 4224K rodata, 2440K init, 2724K bss, 240644K reserved, 0K cma-reserved)
Aug 03 16:17:52 ubuntu-victim kernel: SLUB: HWalign=64, Order=0-3, MinObjects=0, CPUs=128, Nodes=1
Aug 03 16:17:52 ubuntu-victim kernel: Kernel/User page tables isolation: enabled
Aug 03 16:17:52 ubuntu-victim kernel: ftrace: allocating 39412 entries in 154 pages
Aug 03 16:17:52 ubuntu-victim kernel: Hierarchical RCU implementation.
Aug 03 16:17:52 ubuntu-victim kernel:         RCU restricting CPUs from NR_CPUS=8192 to nr_cpu_ids=128.
Aug 03 16:17:52 ubuntu-victim kernel:         Tasks RCU enabled.
Aug 03 16:17:52 ubuntu-victim kernel: RCU: Adjusting geometry for rcu_fanout_leaf=16, nr_cpu_ids=128
Aug 03 16:17:52 ubuntu-victim kernel: NR_IRQS: 524544, nr_irqs: 1448, preallocated irqs: 16
Aug 03 16:17:52 ubuntu-victim kernel: Console: colour VGA+ 80x25
Aug 03 16:17:52 ubuntu-victim kernel: console [tty0] enabled
Aug 03 16:17:52 ubuntu-victim kernel: ACPI: Core revision 20170831
Aug 03 16:17:52 ubuntu-victim kernel: ACPI: 1 ACPI AML tables successfully acquired and loaded
Aug 03 16:17:52 ubuntu-victim kernel: APIC: Switch to symmetric I/O mode setup
Aug 03 16:17:52 ubuntu-victim kernel: x2apic enabled
Aug 03 16:17:52 ubuntu-victim kernel: Switched APIC routing to physical x2apic.
Aug 03 16:17:52 ubuntu-victim kernel: tsc: Detected 2611.200 MHz processor
Aug 03 16:17:52 ubuntu-victim kernel: Calibrating delay loop (skipped) preset value.. 5222.40 BogoMIPS (lpj=10444800)
Aug 03 16:17:52 ubuntu-victim kernel: pid_max: default: 131072 minimum: 1024
Aug 03 16:17:52 ubuntu-victim kernel: Security Framework initialized
Aug 03 16:17:52 ubuntu-victim kernel: Yama: becoming mindful.
Aug 03 16:17:52 ubuntu-victim kernel: AppArmor: AppArmor initialized
Aug 03 16:17:52 ubuntu-victim kernel: Dentry cache hash table entries: 524288 (order: 10, 4194304 bytes)
Aug 03 16:17:52 ubuntu-victim kernel: Inode-cache hash table entries: 262144 (order: 9, 2097152 bytes)
Aug 03 16:17:52 ubuntu-victim kernel: Mount-cache hash table entries: 8192 (order: 4, 65536 bytes)
Aug 03 16:17:52 ubuntu-victim kernel: Mountpoint-cache hash table entries: 8192 (order: 4, 65536 bytes)
Aug 03 16:17:52 ubuntu-victim kernel: x86/cpu: Activated the Intel User Mode Instruction Prevention (UMIP) CPU feature
Aug 03 16:17:52 ubuntu-victim kernel: Last level iTLB entries: 4KB 0, 2MB 0, 4MB 0
Aug 03 16:17:52 ubuntu-victim kernel: Last level dTLB entries: 4KB 0, 2MB 0, 4MB 0, 1GB 0
Aug 03 16:17:52 ubuntu-victim kernel: Spectre V1 : Mitigation: usercopy/swapgs barriers and __user pointer sanitization
Aug 03 16:17:52 ubuntu-victim kernel: Spectre V2 : Mitigation: Full generic retpoline
Aug 03 16:17:52 ubuntu-victim kernel: Spectre V2 : Spectre v2 / SpectreRSB mitigation: Filling RSB on context switch
Aug 03 16:17:52 ubuntu-victim kernel: Spectre V2 : Enabling Restricted Speculation for firmware calls
Aug 03 16:17:52 ubuntu-victim kernel: Spectre V2 : mitigation: Enabling conditional Indirect Branch Prediction Barrier
Aug 03 16:17:52 ubuntu-victim kernel: Speculative Store Bypass: Mitigation: Speculative Store Bypass disabled via prctl and seccomp
Aug 03 16:17:52 ubuntu-victim kernel: MDS: Mitigation: Clear CPU buffers
Aug 03 16:17:52 ubuntu-victim kernel: Freeing SMP alternatives memory: 36K
Aug 03 16:17:52 ubuntu-victim kernel: smpboot: CPU0: 11th Gen Intel(R) Core(TM) i5-11260H @ 2.60GHz (family: 0x6, model: 0x8d, stepping: 0x1)
Aug 03 16:17:52 ubuntu-victim kernel: Performance Events: generic architected perfmon v1, core PMU driver.
Aug 03 16:17:52 ubuntu-victim kernel: core: CPUID marked event: 'cpu cycles' unavailable
Aug 03 16:17:52 ubuntu-victim kernel: core: CPUID marked event: 'instructions' unavailable
Aug 03 16:17:52 ubuntu-victim kernel: core: CPUID marked event: 'bus cycles' unavailable
Aug 03 16:17:52 ubuntu-victim kernel: core: CPUID marked event: 'cache references' unavailable
Aug 03 16:17:52 ubuntu-victim kernel: core: CPUID marked event: 'cache misses' unavailable
Aug 03 16:17:52 ubuntu-victim kernel: core: CPUID marked event: 'branch instructions' unavailable
Aug 03 16:17:52 ubuntu-victim kernel: core: CPUID marked event: 'branch misses' unavailable
Aug 03 16:17:52 ubuntu-victim kernel: ... version:                1
Aug 03 16:17:52 ubuntu-victim kernel: ... bit width:              48
Aug 03 16:17:52 ubuntu-victim kernel: ... generic registers:      8
Aug 03 16:17:52 ubuntu-victim kernel: ... value mask:             0000ffffffffffff
Aug 03 16:17:52 ubuntu-victim kernel: ... max period:             000000007fffffff
Aug 03 16:17:52 ubuntu-victim kernel: ... fixed-purpose events:   0
Aug 03 16:17:52 ubuntu-victim kernel: ... event mask:             00000000000000ff
Aug 03 16:17:52 ubuntu-victim kernel: Hierarchical SRCU implementation.
Aug 03 16:17:52 ubuntu-victim kernel: NMI watchdog: Perf event create on CPU 0 failed with -2
Aug 03 16:17:52 ubuntu-victim kernel: NMI watchdog: Perf NMI watchdog permanently disabled
Aug 03 16:17:52 ubuntu-victim kernel: smp: Bringing up secondary CPUs ...
Aug 03 16:17:52 ubuntu-victim kernel: x86: Booting SMP configuration:
Aug 03 16:17:52 ubuntu-victim kernel: .... node  #0, CPUs:          #1
Aug 03 16:17:52 ubuntu-victim kernel: x86/cpu: Activated the Intel User Mode Instruction Prevention (UMIP) CPU feature
Aug 03 16:17:52 ubuntu-victim kernel:    #2
Aug 03 16:17:52 ubuntu-victim kernel: x86/cpu: Activated the Intel User Mode Instruction Prevention (UMIP) CPU feature
Aug 03 16:17:52 ubuntu-victim kernel:    #3
Aug 03 16:17:52 ubuntu-victim kernel: x86/cpu: Activated the Intel User Mode Instruction Prevention (UMIP) CPU feature
Aug 03 16:17:52 ubuntu-victim kernel: smp: Brought up 1 node, 4 CPUs
Aug 03 16:17:52 ubuntu-victim kernel: smpboot: Max logical packages: 64
Aug 03 16:17:52 ubuntu-victim kernel: smpboot: Total of 4 processors activated (20889.60 BogoMIPS)
Aug 03 16:17:52 ubuntu-victim kernel: devtmpfs: initialized
Aug 03 16:17:52 ubuntu-victim kernel: x86/mm: Memory block size: 128MB
Aug 03 16:17:52 ubuntu-victim kernel: evm: security.selinux
Aug 03 16:17:52 ubuntu-victim kernel: evm: security.SMACK64
Aug 03 16:17:52 ubuntu-victim kernel: evm: security.SMACK64EXEC
Aug 03 16:17:52 ubuntu-victim kernel: evm: security.SMACK64TRANSMUTE
Aug 03 16:17:52 ubuntu-victim kernel: evm: security.SMACK64MMAP
Aug 03 16:17:52 ubuntu-victim kernel: evm: security.apparmor
Aug 03 16:17:52 ubuntu-victim kernel: evm: security.ima
Aug 03 16:17:52 ubuntu-victim kernel: evm: security.capability
Aug 03 16:17:52 ubuntu-victim kernel: PM: Registering ACPI NVS region [mem 0xbfeff000-0xbfefffff] (4096 bytes)
Aug 03 16:17:52 ubuntu-victim kernel: clocksource: jiffies: mask: 0xffffffff max_cycles: 0xffffffff, max_idle_ns: 7645041785100000 ns
Aug 03 16:17:52 ubuntu-victim kernel: futex hash table entries: 32768 (order: 9, 2097152 bytes)
Aug 03 16:17:52 ubuntu-victim kernel: pinctrl core: initialized pinctrl subsystem
Aug 03 16:17:52 ubuntu-victim kernel: RTC time: 20:17:43, date: 08/03/25
Aug 03 16:17:52 ubuntu-victim kernel: NET: Registered protocol family 16
Aug 03 16:17:52 ubuntu-victim kernel: audit: initializing netlink subsys (disabled)
Aug 03 16:17:52 ubuntu-victim kernel: audit: type=2000 audit(1754252262.068:1): state=initialized audit_enabled=0 res=1
Aug 03 16:17:52 ubuntu-victim kernel: cpuidle: using governor ladder
Aug 03 16:17:52 ubuntu-victim kernel: cpuidle: using governor menu
Aug 03 16:17:52 ubuntu-victim kernel: Simple Boot Flag at 0x36 set to 0x80
Aug 03 16:17:52 ubuntu-victim kernel: ACPI: bus type PCI registered
Aug 03 16:17:52 ubuntu-victim kernel: acpiphp: ACPI Hot Plug PCI Controller Driver version: 0.5
Aug 03 16:17:52 ubuntu-victim kernel: PCI: MMCONFIG for domain 0000 [bus 00-7f] at [mem 0xf0000000-0xf7ffffff] (base 0xf0000000)
Aug 03 16:17:52 ubuntu-victim kernel: PCI: MMCONFIG at [mem 0xf0000000-0xf7ffffff] reserved in E820
Aug 03 16:17:52 ubuntu-victim kernel: PCI: Using configuration type 1 for base access
Aug 03 16:17:52 ubuntu-victim kernel: HugeTLB registered 1.00 GiB page size, pre-allocated 0 pages
Aug 03 16:17:52 ubuntu-victim kernel: HugeTLB registered 2.00 MiB page size, pre-allocated 0 pages
Aug 03 16:17:52 ubuntu-victim kernel: ACPI: Added _OSI(Module Device)
Aug 03 16:17:52 ubuntu-victim kernel: ACPI: Added _OSI(Processor Device)
Aug 03 16:17:52 ubuntu-victim kernel: ACPI: Added _OSI(3.0 _SCP Extensions)
Aug 03 16:17:52 ubuntu-victim kernel: ACPI: Added _OSI(Processor Aggregator Device)
Aug 03 16:17:52 ubuntu-victim kernel: ACPI: Added _OSI(Linux-Dell-Video)
Aug 03 16:17:52 ubuntu-victim kernel: ACPI: Added _OSI(Linux-Lenovo-NV-HDMI-Audio)
Aug 03 16:17:52 ubuntu-victim kernel: ACPI: Added _OSI(Linux-HPI-Hybrid-Graphics)
Aug 03 16:17:52 ubuntu-victim kernel: ACPI: [Firmware Bug]: BIOS _OSI(Linux) query ignored
Aug 03 16:17:52 ubuntu-victim kernel: ACPI: Interpreter enabled
Aug 03 16:17:52 ubuntu-victim kernel: ACPI: (supports S0 S1 S4 S5)
Aug 03 16:17:52 ubuntu-victim kernel: ACPI: Using IOAPIC for interrupt routing
Aug 03 16:17:52 ubuntu-victim kernel: PCI: Using host bridge windows from ACPI; if necessary, use "pci=nocrs" and report a bug
Aug 03 16:17:52 ubuntu-victim kernel: ACPI: Enabled 4 GPEs in block 00 to 0F
Aug 03 16:17:52 ubuntu-victim kernel: ACPI: PCI Root Bridge [PCI0] (domain 0000 [bus 00-7f])
Aug 03 16:17:52 ubuntu-victim kernel: acpi PNP0A03:00: _OSC: OS supports [ExtendedConfig ASPM ClockPM Segments MSI]
Aug 03 16:17:52 ubuntu-victim kernel: acpi PNP0A03:00: _OSC: platform does not support [AER]
Aug 03 16:17:52 ubuntu-victim kernel: acpi PNP0A03:00: _OSC: OS now controls [PCIeHotplug PME PCIeCapability]
Aug 03 16:17:52 ubuntu-victim kernel: PCI host bridge to bus 0000:00
Aug 03 16:17:52 ubuntu-victim kernel: pci_bus 0000:00: root bus resource [mem 0x000a0000-0x000bffff window]
Aug 03 16:17:52 ubuntu-victim kernel: pci_bus 0000:00: root bus resource [mem 0x000d0000-0x000d3fff window]
Aug 03 16:17:52 ubuntu-victim kernel: pci_bus 0000:00: root bus resource [mem 0x000d4000-0x000d7fff window]
Aug 03 16:17:52 ubuntu-victim kernel: pci_bus 0000:00: root bus resource [mem 0x000d8000-0x000dbfff window]
Aug 03 16:17:52 ubuntu-victim kernel: pci_bus 0000:00: root bus resource [mem 0xc0000000-0xfebfffff window]
Aug 03 16:17:52 ubuntu-victim kernel: pci_bus 0000:00: root bus resource [io  0x0000-0x0cf7 window]
Aug 03 16:17:52 ubuntu-victim kernel: pci_bus 0000:00: root bus resource [io  0x0d00-0xfeff window]
Aug 03 16:17:52 ubuntu-victim kernel: pci_bus 0000:00: root bus resource [bus 00-7f]
Aug 03 16:17:52 ubuntu-victim kernel: pci 0000:00:00.0: [8086:7190] type 00 class 0x060000
Aug 03 16:17:52 ubuntu-victim kernel: pci 0000:00:01.0: [8086:7191] type 01 class 0x060400
Aug 03 16:17:52 ubuntu-victim kernel: pci 0000:00:07.0: [8086:7110] type 00 class 0x060100
Aug 03 16:17:52 ubuntu-victim kernel: pci 0000:00:07.1: [8086:7111] type 00 class 0x01018a
Aug 03 16:17:52 ubuntu-victim kernel: pci 0000:00:07.1: reg 0x20: [io  0x1060-0x106f]
Aug 03 16:17:52 ubuntu-victim kernel: pci 0000:00:07.1: legacy IDE quirk: reg 0x10: [io  0x01f0-0x01f7]
Aug 03 16:17:52 ubuntu-victim kernel: pci 0000:00:07.1: legacy IDE quirk: reg 0x14: [io  0x03f6]
Aug 03 16:17:52 ubuntu-victim kernel: pci 0000:00:07.1: legacy IDE quirk: reg 0x18: [io  0x0170-0x0177]
Aug 03 16:17:52 ubuntu-victim kernel: pci 0000:00:07.1: legacy IDE quirk: reg 0x1c: [io  0x0376]
Aug 03 16:17:52 ubuntu-victim kernel: pci 0000:00:07.3: [8086:7113] type 00 class 0x068000
Aug 03 16:17:52 ubuntu-victim kernel: pci 0000:00:07.3: quirk: [io  0x1000-0x103f] claimed by PIIX4 ACPI
Aug 03 16:17:52 ubuntu-victim kernel: pci 0000:00:07.3: quirk: [io  0x1040-0x104f] claimed by PIIX4 SMB
Aug 03 16:17:52 ubuntu-victim kernel: pci 0000:00:07.7: [15ad:0740] type 00 class 0x088000
Aug 03 16:17:52 ubuntu-victim kernel: pci 0000:00:07.7: reg 0x10: [io  0x1080-0x10bf]
Aug 03 16:17:52 ubuntu-victim kernel: pci 0000:00:07.7: reg 0x14: [mem 0xfebc0000-0xfebfffff 64bit]
Aug 03 16:17:52 ubuntu-victim kernel: pci 0000:00:0f.0: [15ad:0405] type 00 class 0x030000
Aug 03 16:17:52 ubuntu-victim kernel: pci 0000:00:0f.0: reg 0x10: [io  0x1070-0x107f]
Aug 03 16:17:52 ubuntu-victim kernel: pci 0000:00:0f.0: reg 0x14: [mem 0xe8000000-0xefffffff pref]
Aug 03 16:17:52 ubuntu-victim kernel: pci 0000:00:0f.0: reg 0x18: [mem 0xfe000000-0xfe7fffff]
Aug 03 16:17:52 ubuntu-victim kernel: pci 0000:00:0f.0: reg 0x30: [mem 0x00000000-0x00007fff pref]
Aug 03 16:17:52 ubuntu-victim kernel: pci 0000:00:10.0: [1000:0030] type 00 class 0x010000
Aug 03 16:17:52 ubuntu-victim kernel: pci 0000:00:10.0: reg 0x10: [io  0x1400-0x14ff]
Aug 03 16:17:52 ubuntu-victim kernel: pci 0000:00:10.0: reg 0x14: [mem 0xfeb80000-0xfeb9ffff 64bit]
Aug 03 16:17:52 ubuntu-victim kernel: pci 0000:00:10.0: reg 0x1c: [mem 0xfeba0000-0xfebbffff 64bit]
Aug 03 16:17:52 ubuntu-victim kernel: pci 0000:00:10.0: reg 0x30: [mem 0x00000000-0x00003fff pref]
Aug 03 16:17:52 ubuntu-victim kernel: pci 0000:00:11.0: [15ad:0790] type 01 class 0x060401
Aug 03 16:17:52 ubuntu-victim kernel: pci 0000:00:15.0: [15ad:07a0] type 01 class 0x060400
Aug 03 16:17:52 ubuntu-victim kernel: pci 0000:00:15.0: PME# supported from D0 D3hot D3cold
Aug 03 16:17:52 ubuntu-victim kernel: pci 0000:00:15.1: [15ad:07a0] type 01 class 0x060400
Aug 03 16:17:52 ubuntu-victim kernel: pci 0000:00:15.1: PME# supported from D0 D3hot D3cold
Aug 03 16:17:52 ubuntu-victim kernel: pci 0000:00:15.2: [15ad:07a0] type 01 class 0x060400
Aug 03 16:17:52 ubuntu-victim kernel: pci 0000:00:15.2: PME# supported from D0 D3hot D3cold
Aug 03 16:17:52 ubuntu-victim kernel: pci 0000:00:15.3: [15ad:07a0] type 01 class 0x060400
Aug 03 16:17:52 ubuntu-victim kernel: pci 0000:00:15.3: PME# supported from D0 D3hot D3cold
Aug 03 16:17:52 ubuntu-victim kernel: pci 0000:00:15.4: [15ad:07a0] type 01 class 0x060400
Aug 03 16:17:52 ubuntu-victim kernel: pci 0000:00:15.4: PME# supported from D0 D3hot D3cold
Aug 03 16:17:52 ubuntu-victim kernel: pci 0000:00:15.5: [15ad:07a0] type 01 class 0x060400
Aug 03 16:17:52 ubuntu-victim kernel: pci 0000:00:15.5: PME# supported from D0 D3hot D3cold
Aug 03 16:17:52 ubuntu-victim kernel: pci 0000:00:15.6: [15ad:07a0] type 01 class 0x060400
Aug 03 16:17:52 ubuntu-victim kernel: pci 0000:00:15.6: PME# supported from D0 D3hot D3cold
Aug 03 16:17:52 ubuntu-victim kernel: pci 0000:00:15.7: [15ad:07a0] type 01 class 0x060400
Aug 03 16:17:52 ubuntu-victim kernel: pci 0000:00:15.7: PME# supported from D0 D3hot D3cold
Aug 03 16:17:52 ubuntu-victim kernel: pci 0000:00:16.0: [15ad:07a0] type 01 class 0x060400
Aug 03 16:17:52 ubuntu-victim kernel: pci 0000:00:16.0: PME# supported from D0 D3hot D3cold
Aug 03 16:17:52 ubuntu-victim kernel: pci 0000:00:16.1: [15ad:07a0] type 01 class 0x060400
Aug 03 16:17:52 ubuntu-victim kernel: pci 0000:00:16.1: PME# supported from D0 D3hot D3cold
Aug 03 16:17:52 ubuntu-victim kernel: pci 0000:00:16.2: [15ad:07a0] type 01 class 0x060400
Aug 03 16:17:52 ubuntu-victim kernel: pci 0000:00:16.2: PME# supported from D0 D3hot D3cold
Aug 03 16:17:52 ubuntu-victim kernel: pci 0000:00:16.3: [15ad:07a0] type 01 class 0x060400
Aug 03 16:17:52 ubuntu-victim kernel: pci 0000:00:16.3: PME# supported from D0 D3hot D3cold
Aug 03 16:17:52 ubuntu-victim kernel: pci 0000:00:16.4: [15ad:07a0] type 01 class 0x060400
Aug 03 16:17:52 ubuntu-victim kernel: pci 0000:00:16.4: PME# supported from D0 D3hot D3cold
Aug 03 16:17:52 ubuntu-victim kernel: pci 0000:00:16.5: [15ad:07a0] type 01 class 0x060400
Aug 03 16:17:52 ubuntu-victim kernel: pci 0000:00:16.5: PME# supported from D0 D3hot D3cold
Aug 03 16:17:52 ubuntu-victim kernel: pci 0000:00:16.6: [15ad:07a0] type 01 class 0x060400
Aug 03 16:17:52 ubuntu-victim kernel: pci 0000:00:16.6: PME# supported from D0 D3hot D3cold
Aug 03 16:17:52 ubuntu-victim kernel: pci 0000:00:16.7: [15ad:07a0] type 01 class 0x060400
Aug 03 16:17:52 ubuntu-victim kernel: pci 0000:00:16.7: PME# supported from D0 D3hot D3cold
Aug 03 16:17:52 ubuntu-victim kernel: pci 0000:00:17.0: [15ad:07a0] type 01 class 0x060400
Aug 03 16:17:52 ubuntu-victim kernel: pci 0000:00:17.0: PME# supported from D0 D3hot D3cold
Aug 03 16:17:52 ubuntu-victim kernel: pci 0000:00:17.1: [15ad:07a0] type 01 class 0x060400
Aug 03 16:17:52 ubuntu-victim kernel: pci 0000:00:17.1: PME# supported from D0 D3hot D3cold
Aug 03 16:17:52 ubuntu-victim kernel: pci 0000:00:17.2: [15ad:07a0] type 01 class 0x060400
Aug 03 16:17:52 ubuntu-victim kernel: pci 0000:00:17.2: PME# supported from D0 D3hot D3cold
Aug 03 16:17:52 ubuntu-victim kernel: pci 0000:00:17.3: [15ad:07a0] type 01 class 0x060400
Aug 03 16:17:52 ubuntu-victim kernel: pci 0000:00:17.3: PME# supported from D0 D3hot D3cold
Aug 03 16:17:52 ubuntu-victim kernel: pci 0000:00:17.4: [15ad:07a0] type 01 class 0x060400
Aug 03 16:17:52 ubuntu-victim kernel: pci 0000:00:17.4: PME# supported from D0 D3hot D3cold
Aug 03 16:17:52 ubuntu-victim kernel: pci 0000:00:17.5: [15ad:07a0] type 01 class 0x060400
Aug 03 16:17:52 ubuntu-victim kernel: pci 0000:00:17.5: PME# supported from D0 D3hot D3cold
Aug 03 16:17:52 ubuntu-victim kernel: pci 0000:00:17.6: [15ad:07a0] type 01 class 0x060400
Aug 03 16:17:52 ubuntu-victim kernel: pci 0000:00:17.6: PME# supported from D0 D3hot D3cold
Aug 03 16:17:52 ubuntu-victim kernel: pci 0000:00:17.7: [15ad:07a0] type 01 class 0x060400
Aug 03 16:17:52 ubuntu-victim kernel: pci 0000:00:17.7: PME# supported from D0 D3hot D3cold
Aug 03 16:17:52 ubuntu-victim kernel: pci 0000:00:18.0: [15ad:07a0] type 01 class 0x060400
Aug 03 16:17:52 ubuntu-victim kernel: pci 0000:00:18.0: PME# supported from D0 D3hot D3cold
Aug 03 16:17:52 ubuntu-victim kernel: pci 0000:00:18.1: [15ad:07a0] type 01 class 0x060400
Aug 03 16:17:52 ubuntu-victim kernel: pci 0000:00:18.1: PME# supported from D0 D3hot D3cold
Aug 03 16:17:52 ubuntu-victim kernel: pci 0000:00:18.2: [15ad:07a0] type 01 class 0x060400
Aug 03 16:17:52 ubuntu-victim kernel: pci 0000:00:18.2: PME# supported from D0 D3hot D3cold
Aug 03 16:17:52 ubuntu-victim kernel: pci 0000:00:18.3: [15ad:07a0] type 01 class 0x060400
Aug 03 16:17:52 ubuntu-victim kernel: pci 0000:00:18.3: PME# supported from D0 D3hot D3cold
Aug 03 16:17:52 ubuntu-victim kernel: pci 0000:00:18.4: [15ad:07a0] type 01 class 0x060400
Aug 03 16:17:52 ubuntu-victim kernel: pci 0000:00:18.4: PME# supported from D0 D3hot D3cold
Aug 03 16:17:52 ubuntu-victim kernel: pci 0000:00:18.5: [15ad:07a0] type 01 class 0x060400
Aug 03 16:17:52 ubuntu-victim kernel: pci 0000:00:18.5: PME# supported from D0 D3hot D3cold
Aug 03 16:17:52 ubuntu-victim kernel: pci 0000:00:18.6: [15ad:07a0] type 01 class 0x060400
Aug 03 16:17:52 ubuntu-victim kernel: pci 0000:00:18.6: PME# supported from D0 D3hot D3cold
Aug 03 16:17:52 ubuntu-victim kernel: pci 0000:00:18.7: [15ad:07a0] type 01 class 0x060400
Aug 03 16:17:52 ubuntu-victim kernel: pci 0000:00:18.7: PME# supported from D0 D3hot D3cold
Aug 03 16:17:52 ubuntu-victim kernel: pci 0000:00:01.0: PCI bridge to [bus 01]
Aug 03 16:17:52 ubuntu-victim kernel: acpiphp: Slot [32] registered
Aug 03 16:17:52 ubuntu-victim kernel: acpiphp: Slot [33] registered
Aug 03 16:17:52 ubuntu-victim kernel: acpiphp: Slot [34] registered
Aug 03 16:17:52 ubuntu-victim kernel: acpiphp: Slot [35] registered
Aug 03 16:17:52 ubuntu-victim kernel: acpiphp: Slot [36] registered
Aug 03 16:17:52 ubuntu-victim kernel: acpiphp: Slot [37] registered
Aug 03 16:17:52 ubuntu-victim kernel: acpiphp: Slot [38] registered
Aug 03 16:17:52 ubuntu-victim kernel: acpiphp: Slot [39] registered
Aug 03 16:17:52 ubuntu-victim kernel: acpiphp: Slot [40] registered
Aug 03 16:17:52 ubuntu-victim kernel: acpiphp: Slot [41] registered
Aug 03 16:17:52 ubuntu-victim kernel: acpiphp: Slot [42] registered
Aug 03 16:17:52 ubuntu-victim kernel: acpiphp: Slot [43] registered
Aug 03 16:17:52 ubuntu-victim kernel: acpiphp: Slot [44] registered
Aug 03 16:17:52 ubuntu-victim kernel: acpiphp: Slot [45] registered
Aug 03 16:17:52 ubuntu-victim kernel: acpiphp: Slot [46] registered
Aug 03 16:17:52 ubuntu-victim kernel: acpiphp: Slot [47] registered
Aug 03 16:17:52 ubuntu-victim kernel: acpiphp: Slot [48] registered
Aug 03 16:17:52 ubuntu-victim kernel: acpiphp: Slot [49] registered
Aug 03 16:17:52 ubuntu-victim kernel: acpiphp: Slot [50] registered
Aug 03 16:17:52 ubuntu-victim kernel: acpiphp: Slot [51] registered
Aug 03 16:17:52 ubuntu-victim kernel: acpiphp: Slot [52] registered
Aug 03 16:17:52 ubuntu-victim kernel: acpiphp: Slot [53] registered
Aug 03 16:17:52 ubuntu-victim kernel: acpiphp: Slot [54] registered
Aug 03 16:17:52 ubuntu-victim kernel: acpiphp: Slot [55] registered
Aug 03 16:17:52 ubuntu-victim kernel: acpiphp: Slot [56] registered
Aug 03 16:17:52 ubuntu-victim kernel: acpiphp: Slot [57] registered
Aug 03 16:17:52 ubuntu-victim kernel: acpiphp: Slot [58] registered
Aug 03 16:17:52 ubuntu-victim kernel: acpiphp: Slot [59] registered
Aug 03 16:17:52 ubuntu-victim kernel: acpiphp: Slot [60] registered
Aug 03 16:17:52 ubuntu-victim kernel: acpiphp: Slot [61] registered
Aug 03 16:17:52 ubuntu-victim kernel: acpiphp: Slot [62] registered
Aug 03 16:17:52 ubuntu-victim kernel: acpiphp: Slot [63] registered
Aug 03 16:17:52 ubuntu-victim kernel: pci 0000:02:00.0: [15ad:0774] type 00 class 0x0c0300
Aug 03 16:17:52 ubuntu-victim kernel: pci 0000:02:00.0: reg 0x20: [io  0x2040-0x205f]
Aug 03 16:17:52 ubuntu-victim kernel: pci 0000:02:01.0: [8086:100f] type 00 class 0x020000
Aug 03 16:17:52 ubuntu-victim kernel: pci 0000:02:01.0: reg 0x10: [mem 0xfd5c0000-0xfd5dffff 64bit]
Aug 03 16:17:52 ubuntu-victim kernel: pci 0000:02:01.0: reg 0x18: [mem 0xfdff0000-0xfdffffff 64bit]
Aug 03 16:17:52 ubuntu-victim kernel: pci 0000:02:01.0: reg 0x20: [io  0x2000-0x203f]
Aug 03 16:17:52 ubuntu-victim kernel: pci 0000:02:01.0: reg 0x30: [mem 0x00000000-0x0000ffff pref]
Aug 03 16:17:52 ubuntu-victim kernel: pci 0000:02:01.0: PME# supported from D0 D3hot D3cold
Aug 03 16:17:52 ubuntu-victim kernel: pci 0000:02:02.0: [15ad:0770] type 00 class 0x0c0320
Aug 03 16:17:52 ubuntu-victim kernel: pci 0000:02:02.0: reg 0x10: [mem 0xfd5ef000-0xfd5effff]
Aug 03 16:17:52 ubuntu-victim kernel: pci 0000:02:03.0: [15ad:07e0] type 00 class 0x010601
Aug 03 16:17:52 ubuntu-victim kernel: pci 0000:02:03.0: reg 0x24: [mem 0xfd5ee000-0xfd5eefff]
Aug 03 16:17:52 ubuntu-victim kernel: pci 0000:02:03.0: reg 0x30: [mem 0x00000000-0x0000ffff pref]
Aug 03 16:17:52 ubuntu-victim kernel: pci 0000:02:03.0: PME# supported from D3hot
Aug 03 16:17:52 ubuntu-victim kernel: pci 0000:00:11.0: PCI bridge to [bus 02] (subtractive decode)
Aug 03 16:17:52 ubuntu-victim kernel: pci 0000:00:11.0:   bridge window [io  0x2000-0x3fff]
Aug 03 16:17:52 ubuntu-victim kernel: pci 0000:00:11.0:   bridge window [mem 0xfd500000-0xfdffffff]
Aug 03 16:17:52 ubuntu-victim kernel: pci 0000:00:11.0:   bridge window [mem 0xe7b00000-0xe7ffffff 64bit pref]
Aug 03 16:17:52 ubuntu-victim kernel: pci 0000:00:11.0:   bridge window [mem 0x000a0000-0x000bffff window] (subtractive decode)
Aug 03 16:17:52 ubuntu-victim kernel: pci 0000:00:11.0:   bridge window [mem 0x000d0000-0x000d3fff window] (subtractive decode)
Aug 03 16:17:52 ubuntu-victim kernel: pci 0000:00:11.0:   bridge window [mem 0x000d4000-0x000d7fff window] (subtractive decode)
Aug 03 16:17:52 ubuntu-victim kernel: pci 0000:00:11.0:   bridge window [mem 0x000d8000-0x000dbfff window] (subtractive decode)
Aug 03 16:17:52 ubuntu-victim kernel: pci 0000:00:11.0:   bridge window [mem 0xc0000000-0xfebfffff window] (subtractive decode)
Aug 03 16:17:52 ubuntu-victim kernel: pci 0000:00:11.0:   bridge window [io  0x0000-0x0cf7 window] (subtractive decode)
Aug 03 16:17:52 ubuntu-victim kernel: pci 0000:00:11.0:   bridge window [io  0x0d00-0xfeff window] (subtractive decode)
Aug 03 16:17:52 ubuntu-victim kernel: pci 0000:00:15.0: PCI bridge to [bus 03]
Aug 03 16:17:52 ubuntu-victim kernel: pci 0000:00:15.0:   bridge window [io  0x4000-0x4fff]
Aug 03 16:17:52 ubuntu-victim kernel: pci 0000:00:15.0:   bridge window [mem 0xfd400000-0xfd4fffff]
Aug 03 16:17:52 ubuntu-victim kernel: pci 0000:00:15.0:   bridge window [mem 0xe7a00000-0xe7afffff 64bit pref]
Aug 03 16:17:52 ubuntu-victim kernel: pci 0000:00:15.1: PCI bridge to [bus 04]
Aug 03 16:17:52 ubuntu-victim kernel: pci 0000:00:15.1:   bridge window [io  0x8000-0x8fff]
Aug 03 16:17:52 ubuntu-victim kernel: pci 0000:00:15.1:   bridge window [mem 0xfd000000-0xfd0fffff]
Aug 03 16:17:52 ubuntu-victim kernel: pci 0000:00:15.1:   bridge window [mem 0xe7600000-0xe76fffff 64bit pref]
Aug 03 16:17:52 ubuntu-victim kernel: pci 0000:00:15.2: PCI bridge to [bus 05]
Aug 03 16:17:52 ubuntu-victim kernel: pci 0000:00:15.2:   bridge window [io  0xc000-0xcfff]
Aug 03 16:17:52 ubuntu-victim kernel: pci 0000:00:15.2:   bridge window [mem 0xfcc00000-0xfccfffff]
Aug 03 16:17:52 ubuntu-victim kernel: pci 0000:00:15.2:   bridge window [mem 0xe7200000-0xe72fffff 64bit pref]
Aug 03 16:17:52 ubuntu-victim kernel: pci 0000:00:15.3: PCI bridge to [bus 06]
Aug 03 16:17:52 ubuntu-victim kernel: pci 0000:00:15.3:   bridge window [mem 0xfc800000-0xfc8fffff]
Aug 03 16:17:52 ubuntu-victim kernel: pci 0000:00:15.3:   bridge window [mem 0xe6e00000-0xe6efffff 64bit pref]
Aug 03 16:17:52 ubuntu-victim kernel: pci 0000:00:15.4: PCI bridge to [bus 07]
Aug 03 16:17:52 ubuntu-victim kernel: pci 0000:00:15.4:   bridge window [mem 0xfc400000-0xfc4fffff]
Aug 03 16:17:52 ubuntu-victim kernel: pci 0000:00:15.4:   bridge window [mem 0xe6a00000-0xe6afffff 64bit pref]
Aug 03 16:17:52 ubuntu-victim kernel: pci 0000:00:15.5: PCI bridge to [bus 08]
Aug 03 16:17:52 ubuntu-victim kernel: pci 0000:00:15.5:   bridge window [mem 0xfc000000-0xfc0fffff]
Aug 03 16:17:52 ubuntu-victim kernel: pci 0000:00:15.5:   bridge window [mem 0xe6600000-0xe66fffff 64bit pref]
Aug 03 16:17:52 ubuntu-victim kernel: pci 0000:00:15.6: PCI bridge to [bus 09]
Aug 03 16:17:52 ubuntu-victim kernel: pci 0000:00:15.6:   bridge window [mem 0xfbc00000-0xfbcfffff]
Aug 03 16:17:52 ubuntu-victim kernel: pci 0000:00:15.6:   bridge window [mem 0xe6200000-0xe62fffff 64bit pref]
Aug 03 16:17:52 ubuntu-victim kernel: pci 0000:00:15.7: PCI bridge to [bus 0a]
Aug 03 16:17:52 ubuntu-victim kernel: pci 0000:00:15.7:   bridge window [mem 0xfb800000-0xfb8fffff]
Aug 03 16:17:52 ubuntu-victim kernel: pci 0000:00:15.7:   bridge window [mem 0xe5e00000-0xe5efffff 64bit pref]
Aug 03 16:17:52 ubuntu-victim kernel: pci 0000:00:16.0: PCI bridge to [bus 0b]
Aug 03 16:17:52 ubuntu-victim kernel: pci 0000:00:16.0:   bridge window [io  0x5000-0x5fff]
Aug 03 16:17:52 ubuntu-victim kernel: pci 0000:00:16.0:   bridge window [mem 0xfd300000-0xfd3fffff]
Aug 03 16:17:52 ubuntu-victim kernel: pci 0000:00:16.0:   bridge window [mem 0xe7900000-0xe79fffff 64bit pref]
Aug 03 16:17:52 ubuntu-victim kernel: pci 0000:00:16.1: PCI bridge to [bus 0c]
Aug 03 16:17:52 ubuntu-victim kernel: pci 0000:00:16.1:   bridge window [io  0x9000-0x9fff]
Aug 03 16:17:52 ubuntu-victim kernel: pci 0000:00:16.1:   bridge window [mem 0xfcf00000-0xfcffffff]
Aug 03 16:17:52 ubuntu-victim kernel: pci 0000:00:16.1:   bridge window [mem 0xe7500000-0xe75fffff 64bit pref]
Aug 03 16:17:52 ubuntu-victim kernel: pci 0000:00:16.2: PCI bridge to [bus 0d]
Aug 03 16:17:52 ubuntu-victim kernel: pci 0000:00:16.2:   bridge window [io  0xd000-0xdfff]
Aug 03 16:17:52 ubuntu-victim kernel: pci 0000:00:16.2:   bridge window [mem 0xfcb00000-0xfcbfffff]
Aug 03 16:17:52 ubuntu-victim kernel: pci 0000:00:16.2:   bridge window [mem 0xe7100000-0xe71fffff 64bit pref]
Aug 03 16:17:52 ubuntu-victim kernel: pci 0000:00:16.3: PCI bridge to [bus 0e]
Aug 03 16:17:52 ubuntu-victim kernel: pci 0000:00:16.3:   bridge window [mem 0xfc700000-0xfc7fffff]
Aug 03 16:17:52 ubuntu-victim kernel: pci 0000:00:16.3:   bridge window [mem 0xe6d00000-0xe6dfffff 64bit pref]
Aug 03 16:17:52 ubuntu-victim kernel: pci 0000:00:16.4: PCI bridge to [bus 0f]
Aug 03 16:17:52 ubuntu-victim kernel: pci 0000:00:16.4:   bridge window [mem 0xfc300000-0xfc3fffff]
Aug 03 16:17:52 ubuntu-victim kernel: pci 0000:00:16.4:   bridge window [mem 0xe6900000-0xe69fffff 64bit pref]
Aug 03 16:17:52 ubuntu-victim kernel: pci 0000:00:16.5: PCI bridge to [bus 10]
Aug 03 16:17:52 ubuntu-victim kernel: pci 0000:00:16.5:   bridge window [mem 0xfbf00000-0xfbffffff]
Aug 03 16:17:52 ubuntu-victim kernel: pci 0000:00:16.5:   bridge window [mem 0xe6500000-0xe65fffff 64bit pref]
Aug 03 16:17:52 ubuntu-victim kernel: pci 0000:00:16.6: PCI bridge to [bus 11]
Aug 03 16:17:52 ubuntu-victim kernel: pci 0000:00:16.6:   bridge window [mem 0xfbb00000-0xfbbfffff]
Aug 03 16:17:52 ubuntu-victim kernel: pci 0000:00:16.6:   bridge window [mem 0xe6100000-0xe61fffff 64bit pref]
Aug 03 16:17:52 ubuntu-victim kernel: pci 0000:00:16.7: PCI bridge to [bus 12]
Aug 03 16:17:52 ubuntu-victim kernel: pci 0000:00:16.7:   bridge window [mem 0xfb700000-0xfb7fffff]
Aug 03 16:17:52 ubuntu-victim kernel: pci 0000:00:16.7:   bridge window [mem 0xe5d00000-0xe5dfffff 64bit pref]
Aug 03 16:17:52 ubuntu-victim kernel: pci 0000:00:17.0: PCI bridge to [bus 13]
Aug 03 16:17:52 ubuntu-victim kernel: pci 0000:00:17.0:   bridge window [io  0x6000-0x6fff]
Aug 03 16:17:52 ubuntu-victim kernel: pci 0000:00:17.0:   bridge window [mem 0xfd200000-0xfd2fffff]
Aug 03 16:17:52 ubuntu-victim kernel: pci 0000:00:17.0:   bridge window [mem 0xe7800000-0xe78fffff 64bit pref]
Aug 03 16:17:52 ubuntu-victim kernel: pci 0000:00:17.1: PCI bridge to [bus 14]
Aug 03 16:17:52 ubuntu-victim kernel: pci 0000:00:17.1:   bridge window [io  0xa000-0xafff]
Aug 03 16:17:52 ubuntu-victim kernel: pci 0000:00:17.1:   bridge window [mem 0xfce00000-0xfcefffff]
Aug 03 16:17:52 ubuntu-victim kernel: pci 0000:00:17.1:   bridge window [mem 0xe7400000-0xe74fffff 64bit pref]
Aug 03 16:17:52 ubuntu-victim kernel: pci 0000:00:17.2: PCI bridge to [bus 15]
Aug 03 16:17:52 ubuntu-victim kernel: pci 0000:00:17.2:   bridge window [io  0xe000-0xefff]
Aug 03 16:17:52 ubuntu-victim kernel: pci 0000:00:17.2:   bridge window [mem 0xfca00000-0xfcafffff]
Aug 03 16:17:52 ubuntu-victim kernel: pci 0000:00:17.2:   bridge window [mem 0xe7000000-0xe70fffff 64bit pref]
Aug 03 16:17:52 ubuntu-victim kernel: pci 0000:00:17.3: PCI bridge to [bus 16]
Aug 03 16:17:52 ubuntu-victim kernel: pci 0000:00:17.3:   bridge window [mem 0xfc600000-0xfc6fffff]
Aug 03 16:17:52 ubuntu-victim kernel: pci 0000:00:17.3:   bridge window [mem 0xe6c00000-0xe6cfffff 64bit pref]
Aug 03 16:17:52 ubuntu-victim kernel: pci 0000:00:17.4: PCI bridge to [bus 17]
Aug 03 16:17:52 ubuntu-victim kernel: pci 0000:00:17.4:   bridge window [mem 0xfc200000-0xfc2fffff]
Aug 03 16:17:52 ubuntu-victim kernel: pci 0000:00:17.4:   bridge window [mem 0xe6800000-0xe68fffff 64bit pref]
Aug 03 16:17:52 ubuntu-victim kernel: pci 0000:00:17.5: PCI bridge to [bus 18]
Aug 03 16:17:52 ubuntu-victim kernel: pci 0000:00:17.5:   bridge window [mem 0xfbe00000-0xfbefffff]
Aug 03 16:17:52 ubuntu-victim kernel: pci 0000:00:17.5:   bridge window [mem 0xe6400000-0xe64fffff 64bit pref]
Aug 03 16:17:52 ubuntu-victim kernel: pci 0000:00:17.6: PCI bridge to [bus 19]
Aug 03 16:17:52 ubuntu-victim kernel: pci 0000:00:17.6:   bridge window [mem 0xfba00000-0xfbafffff]
Aug 03 16:17:52 ubuntu-victim kernel: pci 0000:00:17.6:   bridge window [mem 0xe6000000-0xe60fffff 64bit pref]
Aug 03 16:17:52 ubuntu-victim kernel: pci 0000:00:17.7: PCI bridge to [bus 1a]
Aug 03 16:17:52 ubuntu-victim kernel: pci 0000:00:17.7:   bridge window [mem 0xfb600000-0xfb6fffff]
Aug 03 16:17:52 ubuntu-victim kernel: pci 0000:00:17.7:   bridge window [mem 0xe5c00000-0xe5cfffff 64bit pref]
Aug 03 16:17:52 ubuntu-victim kernel: pci 0000:00:18.0: PCI bridge to [bus 1b]
Aug 03 16:17:52 ubuntu-victim kernel: pci 0000:00:18.0:   bridge window [io  0x7000-0x7fff]
Aug 03 16:17:52 ubuntu-victim kernel: pci 0000:00:18.0:   bridge window [mem 0xfd100000-0xfd1fffff]
Aug 03 16:17:52 ubuntu-victim kernel: pci 0000:00:18.0:   bridge window [mem 0xe7700000-0xe77fffff 64bit pref]
Aug 03 16:17:52 ubuntu-victim kernel: pci 0000:00:18.1: PCI bridge to [bus 1c]
Aug 03 16:17:52 ubuntu-victim kernel: pci 0000:00:18.1:   bridge window [io  0xb000-0xbfff]
Aug 03 16:17:52 ubuntu-victim kernel: pci 0000:00:18.1:   bridge window [mem 0xfcd00000-0xfcdfffff]
Aug 03 16:17:52 ubuntu-victim kernel: pci 0000:00:18.1:   bridge window [mem 0xe7300000-0xe73fffff 64bit pref]
Aug 03 16:17:52 ubuntu-victim kernel: pci 0000:00:18.2: PCI bridge to [bus 1d]
Aug 03 16:17:52 ubuntu-victim kernel: pci 0000:00:18.2:   bridge window [mem 0xfc900000-0xfc9fffff]
Aug 03 16:17:52 ubuntu-victim kernel: pci 0000:00:18.2:   bridge window [mem 0xe6f00000-0xe6ffffff 64bit pref]
Aug 03 16:17:52 ubuntu-victim kernel: pci 0000:00:18.3: PCI bridge to [bus 1e]
Aug 03 16:17:52 ubuntu-victim kernel: pci 0000:00:18.3:   bridge window [mem 0xfc500000-0xfc5fffff]
Aug 03 16:17:52 ubuntu-victim kernel: pci 0000:00:18.3:   bridge window [mem 0xe6b00000-0xe6bfffff 64bit pref]
Aug 03 16:17:52 ubuntu-victim kernel: pci 0000:00:18.4: PCI bridge to [bus 1f]
Aug 03 16:17:52 ubuntu-victim kernel: pci 0000:00:18.4:   bridge window [mem 0xfc100000-0xfc1fffff]
Aug 03 16:17:52 ubuntu-victim kernel: pci 0000:00:18.4:   bridge window [mem 0xe6700000-0xe67fffff 64bit pref]
Aug 03 16:17:52 ubuntu-victim kernel: pci 0000:00:18.5: PCI bridge to [bus 20]
Aug 03 16:17:52 ubuntu-victim kernel: pci 0000:00:18.5:   bridge window [mem 0xfbd00000-0xfbdfffff]
Aug 03 16:17:52 ubuntu-victim kernel: pci 0000:00:18.5:   bridge window [mem 0xe6300000-0xe63fffff 64bit pref]
Aug 03 16:17:52 ubuntu-victim kernel: pci 0000:00:18.6: PCI bridge to [bus 21]
Aug 03 16:17:52 ubuntu-victim kernel: pci 0000:00:18.6:   bridge window [mem 0xfb900000-0xfb9fffff]
Aug 03 16:17:52 ubuntu-victim kernel: pci 0000:00:18.6:   bridge window [mem 0xe5f00000-0xe5ffffff 64bit pref]
Aug 03 16:17:52 ubuntu-victim kernel: pci 0000:00:18.7: PCI bridge to [bus 22]
Aug 03 16:17:52 ubuntu-victim kernel: pci 0000:00:18.7:   bridge window [mem 0xfb500000-0xfb5fffff]
Aug 03 16:17:52 ubuntu-victim kernel: pci 0000:00:18.7:   bridge window [mem 0xe5b00000-0xe5bfffff 64bit pref]
Aug 03 16:17:52 ubuntu-victim kernel: ACPI: PCI Interrupt Link [LNKA] (IRQs 3 4 5 6 7 *9 10 11 14 15)
Aug 03 16:17:52 ubuntu-victim kernel: ACPI: PCI Interrupt Link [LNKB] (IRQs 3 4 5 6 7 9 10 *11 14 15)
Aug 03 16:17:52 ubuntu-victim kernel: ACPI: PCI Interrupt Link [LNKC] (IRQs 3 4 5 6 7 9 *10 11 14 15)
Aug 03 16:17:52 ubuntu-victim kernel: ACPI: PCI Interrupt Link [LNKD] (IRQs 3 4 5 6 *7 9 10 11 14 15)
Aug 03 16:17:52 ubuntu-victim kernel: SCSI subsystem initialized
Aug 03 16:17:52 ubuntu-victim kernel: libata version 3.00 loaded.
Aug 03 16:17:52 ubuntu-victim kernel: pci 0000:00:0f.0: vgaarb: setting as boot VGA device
Aug 03 16:17:52 ubuntu-victim kernel: pci 0000:00:0f.0: vgaarb: VGA device added: decodes=io+mem,owns=io+mem,locks=none
Aug 03 16:17:52 ubuntu-victim kernel: pci 0000:00:0f.0: vgaarb: bridge control possible
Aug 03 16:17:52 ubuntu-victim kernel: vgaarb: loaded
Aug 03 16:17:52 ubuntu-victim kernel: ACPI: bus type USB registered
Aug 03 16:17:52 ubuntu-victim kernel: usbcore: registered new interface driver usbfs
Aug 03 16:17:52 ubuntu-victim kernel: usbcore: registered new interface driver hub
Aug 03 16:17:52 ubuntu-victim kernel: usbcore: registered new device driver usb
Aug 03 16:17:52 ubuntu-victim kernel: EDAC MC: Ver: 3.0.0
Aug 03 16:17:52 ubuntu-victim kernel: PCI: Using ACPI for IRQ routing
Aug 03 16:17:52 ubuntu-victim kernel: PCI: pci_cache_line_size set to 64 bytes
Aug 03 16:17:52 ubuntu-victim kernel: e820: reserve RAM buffer [mem 0x0009e800-0x0009ffff]
Aug 03 16:17:52 ubuntu-victim kernel: e820: reserve RAM buffer [mem 0xbfed0000-0xbfffffff]
Aug 03 16:17:52 ubuntu-victim kernel: NetLabel: Initializing
Aug 03 16:17:52 ubuntu-victim kernel: NetLabel:  domain hash size = 128
Aug 03 16:17:52 ubuntu-victim kernel: NetLabel:  protocols = UNLABELED CIPSOv4 CALIPSO
Aug 03 16:17:52 ubuntu-victim kernel: NetLabel:  unlabeled traffic allowed by default
Aug 03 16:17:52 ubuntu-victim kernel: clocksource: Switched to clocksource refined-jiffies
Aug 03 16:17:52 ubuntu-victim kernel: VFS: Disk quotas dquot_6.6.0
Aug 03 16:17:52 ubuntu-victim kernel: VFS: Dquot-cache hash table entries: 512 (order 0, 4096 bytes)
Aug 03 16:17:52 ubuntu-victim kernel: AppArmor: AppArmor Filesystem Enabled
Aug 03 16:17:52 ubuntu-victim kernel: pnp: PnP ACPI init
Aug 03 16:17:52 ubuntu-victim kernel: system 00:00: [io  0x1000-0x103f] has been reserved
Aug 03 16:17:52 ubuntu-victim kernel: system 00:00: [io  0x1040-0x104f] has been reserved
Aug 03 16:17:52 ubuntu-victim kernel: system 00:00: [io  0x0cf0-0x0cf1] has been reserved
Aug 03 16:17:52 ubuntu-victim kernel: system 00:00: Plug and Play ACPI device, IDs PNP0c02 (active)
Aug 03 16:17:52 ubuntu-victim kernel: pnp 00:01: Plug and Play ACPI device, IDs PNP0b00 (active)
Aug 03 16:17:52 ubuntu-victim kernel: pnp 00:02: Plug and Play ACPI device, IDs PNP0303 (active)
Aug 03 16:17:52 ubuntu-victim kernel: pnp 00:03: Plug and Play ACPI device, IDs VMW0003 PNP0f13 (active)
Aug 03 16:17:52 ubuntu-victim kernel: system 00:04: [io  0xfce0-0xfcff] has been reserved
Aug 03 16:17:52 ubuntu-victim kernel: system 00:04: [mem 0xf0000000-0xf7ffffff] has been reserved
Aug 03 16:17:52 ubuntu-victim kernel: system 00:04: [mem 0xfe800000-0xfe9fffff] has been reserved
Aug 03 16:17:52 ubuntu-victim kernel: system 00:04: Plug and Play ACPI device, IDs PNP0c02 (active)
Aug 03 16:17:52 ubuntu-victim kernel: pnp: PnP ACPI: found 5 devices
Aug 03 16:17:52 ubuntu-victim kernel: clocksource: acpi_pm: mask: 0xffffff max_cycles: 0xffffff, max_idle_ns: 2085701024 ns
Aug 03 16:17:52 ubuntu-victim kernel: clocksource: Switched to clocksource acpi_pm
Aug 03 16:17:52 ubuntu-victim kernel: pci 0000:00:15.3: bridge window [io  0x1000-0x0fff] to [bus 06] add_size 1000
Aug 03 16:17:52 ubuntu-victim kernel: pci 0000:00:15.4: bridge window [io  0x1000-0x0fff] to [bus 07] add_size 1000
Aug 03 16:17:52 ubuntu-victim kernel: pci 0000:00:15.5: bridge window [io  0x1000-0x0fff] to [bus 08] add_size 1000
Aug 03 16:17:52 ubuntu-victim kernel: pci 0000:00:15.6: bridge window [io  0x1000-0x0fff] to [bus 09] add_size 1000
Aug 03 16:17:52 ubuntu-victim kernel: pci 0000:00:15.7: bridge window [io  0x1000-0x0fff] to [bus 0a] add_size 1000
Aug 03 16:17:52 ubuntu-victim kernel: pci 0000:00:16.3: bridge window [io  0x1000-0x0fff] to [bus 0e] add_size 1000
Aug 03 16:17:52 ubuntu-victim kernel: pci 0000:00:16.4: bridge window [io  0x1000-0x0fff] to [bus 0f] add_size 1000
Aug 03 16:17:52 ubuntu-victim kernel: pci 0000:00:16.5: bridge window [io  0x1000-0x0fff] to [bus 10] add_size 1000
Aug 03 16:17:52 ubuntu-victim kernel: pci 0000:00:16.6: bridge window [io  0x1000-0x0fff] to [bus 11] add_size 1000
Aug 03 16:17:52 ubuntu-victim kernel: pci 0000:00:16.7: bridge window [io  0x1000-0x0fff] to [bus 12] add_size 1000
Aug 03 16:17:52 ubuntu-victim kernel: pci 0000:00:17.3: bridge window [io  0x1000-0x0fff] to [bus 16] add_size 1000
Aug 03 16:17:52 ubuntu-victim kernel: pci 0000:00:17.4: bridge window [io  0x1000-0x0fff] to [bus 17] add_size 1000
Aug 03 16:17:52 ubuntu-victim kernel: pci 0000:00:17.5: bridge window [io  0x1000-0x0fff] to [bus 18] add_size 1000
Aug 03 16:17:52 ubuntu-victim kernel: pci 0000:00:17.6: bridge window [io  0x1000-0x0fff] to [bus 19] add_size 1000
Aug 03 16:17:52 ubuntu-victim kernel: pci 0000:00:17.7: bridge window [io  0x1000-0x0fff] to [bus 1a] add_size 1000
Aug 03 16:17:52 ubuntu-victim kernel: pci 0000:00:18.2: bridge window [io  0x1000-0x0fff] to [bus 1d] add_size 1000
Aug 03 16:17:52 ubuntu-victim kernel: pci 0000:00:18.3: bridge window [io  0x1000-0x0fff] to [bus 1e] add_size 1000
Aug 03 16:17:52 ubuntu-victim kernel: pci 0000:00:18.4: bridge window [io  0x1000-0x0fff] to [bus 1f] add_size 1000
Aug 03 16:17:52 ubuntu-victim kernel: pci 0000:00:18.5: bridge window [io  0x1000-0x0fff] to [bus 20] add_size 1000
Aug 03 16:17:52 ubuntu-victim kernel: pci 0000:00:18.6: bridge window [io  0x1000-0x0fff] to [bus 21] add_size 1000
Aug 03 16:17:52 ubuntu-victim kernel: pci 0000:00:18.7: bridge window [io  0x1000-0x0fff] to [bus 22] add_size 1000
Aug 03 16:17:52 ubuntu-victim kernel: pci 0000:00:0f.0: BAR 6: assigned [mem 0xc0000000-0xc0007fff pref]
Aug 03 16:17:52 ubuntu-victim kernel: pci 0000:00:10.0: BAR 6: assigned [mem 0xc0008000-0xc000bfff pref]
Aug 03 16:17:52 ubuntu-victim kernel: pci 0000:00:15.3: BAR 13: no space for [io  size 0x1000]
Aug 03 16:17:52 ubuntu-victim kernel: pci 0000:00:15.3: BAR 13: failed to assign [io  size 0x1000]
Aug 03 16:17:52 ubuntu-victim kernel: pci 0000:00:15.4: BAR 13: no space for [io  size 0x1000]
Aug 03 16:17:52 ubuntu-victim kernel: pci 0000:00:15.4: BAR 13: failed to assign [io  size 0x1000]
Aug 03 16:17:52 ubuntu-victim kernel: pci 0000:00:15.5: BAR 13: no space for [io  size 0x1000]
Aug 03 16:17:52 ubuntu-victim kernel: pci 0000:00:15.5: BAR 13: failed to assign [io  size 0x1000]
Aug 03 16:17:52 ubuntu-victim kernel: pci 0000:00:15.6: BAR 13: no space for [io  size 0x1000]
Aug 03 16:17:52 ubuntu-victim kernel: pci 0000:00:15.6: BAR 13: failed to assign [io  size 0x1000]
Aug 03 16:17:52 ubuntu-victim kernel: pci 0000:00:15.7: BAR 13: no space for [io  size 0x1000]
Aug 03 16:17:52 ubuntu-victim kernel: pci 0000:00:15.7: BAR 13: failed to assign [io  size 0x1000]
Aug 03 16:17:52 ubuntu-victim kernel: pci 0000:00:16.3: BAR 13: no space for [io  size 0x1000]
Aug 03 16:17:52 ubuntu-victim kernel: pci 0000:00:16.3: BAR 13: failed to assign [io  size 0x1000]
Aug 03 16:17:52 ubuntu-victim kernel: pci 0000:00:16.4: BAR 13: no space for [io  size 0x1000]
Aug 03 16:17:52 ubuntu-victim kernel: pci 0000:00:16.4: BAR 13: failed to assign [io  size 0x1000]
Aug 03 16:17:52 ubuntu-victim kernel: pci 0000:00:16.5: BAR 13: no space for [io  size 0x1000]
Aug 03 16:17:52 ubuntu-victim kernel: pci 0000:00:16.5: BAR 13: failed to assign [io  size 0x1000]
Aug 03 16:17:52 ubuntu-victim kernel: pci 0000:00:16.6: BAR 13: no space for [io  size 0x1000]
Aug 03 16:17:52 ubuntu-victim kernel: pci 0000:00:16.6: BAR 13: failed to assign [io  size 0x1000]
Aug 03 16:17:52 ubuntu-victim kernel: pci 0000:00:16.7: BAR 13: no space for [io  size 0x1000]
Aug 03 16:17:52 ubuntu-victim kernel: pci 0000:00:16.7: BAR 13: failed to assign [io  size 0x1000]
Aug 03 16:17:52 ubuntu-victim kernel: pci 0000:00:17.3: BAR 13: no space for [io  size 0x1000]
Aug 03 16:17:52 ubuntu-victim kernel: pci 0000:00:17.3: BAR 13: failed to assign [io  size 0x1000]
Aug 03 16:17:52 ubuntu-victim kernel: pci 0000:00:17.4: BAR 13: no space for [io  size 0x1000]
Aug 03 16:17:52 ubuntu-victim kernel: pci 0000:00:17.4: BAR 13: failed to assign [io  size 0x1000]
Aug 03 16:17:52 ubuntu-victim kernel: pci 0000:00:17.5: BAR 13: no space for [io  size 0x1000]
Aug 03 16:17:52 ubuntu-victim kernel: pci 0000:00:17.5: BAR 13: failed to assign [io  size 0x1000]
Aug 03 16:17:52 ubuntu-victim kernel: pci 0000:00:17.6: BAR 13: no space for [io  size 0x1000]
Aug 03 16:17:52 ubuntu-victim kernel: pci 0000:00:17.6: BAR 13: failed to assign [io  size 0x1000]
Aug 03 16:17:52 ubuntu-victim kernel: pci 0000:00:17.7: BAR 13: no space for [io  size 0x1000]
Aug 03 16:17:52 ubuntu-victim kernel: pci 0000:00:17.7: BAR 13: failed to assign [io  size 0x1000]
Aug 03 16:17:52 ubuntu-victim kernel: pci 0000:00:18.2: BAR 13: no space for [io  size 0x1000]
Aug 03 16:17:52 ubuntu-victim kernel: pci 0000:00:18.2: BAR 13: failed to assign [io  size 0x1000]
Aug 03 16:17:52 ubuntu-victim kernel: pci 0000:00:18.3: BAR 13: no space for [io  size 0x1000]
Aug 03 16:17:52 ubuntu-victim kernel: pci 0000:00:18.3: BAR 13: failed to assign [io  size 0x1000]
Aug 03 16:17:52 ubuntu-victim kernel: pci 0000:00:18.4: BAR 13: no space for [io  size 0x1000]
Aug 03 16:17:52 ubuntu-victim kernel: pci 0000:00:18.4: BAR 13: failed to assign [io  size 0x1000]
Aug 03 16:17:52 ubuntu-victim kernel: pci 0000:00:18.5: BAR 13: no space for [io  size 0x1000]
Aug 03 16:17:52 ubuntu-victim kernel: pci 0000:00:18.5: BAR 13: failed to assign [io  size 0x1000]
Aug 03 16:17:52 ubuntu-victim kernel: pci 0000:00:18.6: BAR 13: no space for [io  size 0x1000]
Aug 03 16:17:52 ubuntu-victim kernel: pci 0000:00:18.6: BAR 13: failed to assign [io  size 0x1000]
Aug 03 16:17:52 ubuntu-victim kernel: pci 0000:00:18.7: BAR 13: no space for [io  size 0x1000]
Aug 03 16:17:52 ubuntu-victim kernel: pci 0000:00:18.7: BAR 13: failed to assign [io  size 0x1000]
Aug 03 16:17:52 ubuntu-victim kernel: pci 0000:00:18.7: BAR 13: no space for [io  size 0x1000]
Aug 03 16:17:52 ubuntu-victim kernel: pci 0000:00:18.7: BAR 13: failed to assign [io  size 0x1000]
Aug 03 16:17:52 ubuntu-victim kernel: pci 0000:00:18.6: BAR 13: no space for [io  size 0x1000]
Aug 03 16:17:52 ubuntu-victim kernel: pci 0000:00:18.6: BAR 13: failed to assign [io  size 0x1000]
Aug 03 16:17:52 ubuntu-victim kernel: pci 0000:00:18.5: BAR 13: no space for [io  size 0x1000]
Aug 03 16:17:52 ubuntu-victim kernel: pci 0000:00:18.5: BAR 13: failed to assign [io  size 0x1000]
Aug 03 16:17:52 ubuntu-victim kernel: pci 0000:00:18.4: BAR 13: no space for [io  size 0x1000]
Aug 03 16:17:52 ubuntu-victim kernel: pci 0000:00:18.4: BAR 13: failed to assign [io  size 0x1000]
Aug 03 16:17:52 ubuntu-victim kernel: pci 0000:00:18.3: BAR 13: no space for [io  size 0x1000]
Aug 03 16:17:52 ubuntu-victim kernel: pci 0000:00:18.3: BAR 13: failed to assign [io  size 0x1000]
Aug 03 16:17:52 ubuntu-victim kernel: pci 0000:00:18.2: BAR 13: no space for [io  size 0x1000]
Aug 03 16:17:52 ubuntu-victim kernel: pci 0000:00:18.2: BAR 13: failed to assign [io  size 0x1000]
Aug 03 16:17:52 ubuntu-victim kernel: pci 0000:00:17.7: BAR 13: no space for [io  size 0x1000]
Aug 03 16:17:52 ubuntu-victim kernel: pci 0000:00:17.7: BAR 13: failed to assign [io  size 0x1000]
Aug 03 16:17:52 ubuntu-victim kernel: pci 0000:00:17.6: BAR 13: no space for [io  size 0x1000]
Aug 03 16:17:52 ubuntu-victim kernel: pci 0000:00:17.6: BAR 13: failed to assign [io  size 0x1000]
Aug 03 16:17:52 ubuntu-victim kernel: pci 0000:00:17.5: BAR 13: no space for [io  size 0x1000]
Aug 03 16:17:52 ubuntu-victim kernel: pci 0000:00:17.5: BAR 13: failed to assign [io  size 0x1000]
Aug 03 16:17:52 ubuntu-victim kernel: pci 0000:00:17.4: BAR 13: no space for [io  size 0x1000]
Aug 03 16:17:52 ubuntu-victim kernel: pci 0000:00:17.4: BAR 13: failed to assign [io  size 0x1000]
Aug 03 16:17:52 ubuntu-victim kernel: pci 0000:00:17.3: BAR 13: no space for [io  size 0x1000]
Aug 03 16:17:52 ubuntu-victim kernel: pci 0000:00:17.3: BAR 13: failed to assign [io  size 0x1000]
Aug 03 16:17:52 ubuntu-victim kernel: pci 0000:00:16.7: BAR 13: no space for [io  size 0x1000]
Aug 03 16:17:52 ubuntu-victim kernel: pci 0000:00:16.7: BAR 13: failed to assign [io  size 0x1000]
Aug 03 16:17:52 ubuntu-victim kernel: pci 0000:00:16.6: BAR 13: no space for [io  size 0x1000]
Aug 03 16:17:52 ubuntu-victim kernel: pci 0000:00:16.6: BAR 13: failed to assign [io  size 0x1000]
Aug 03 16:17:52 ubuntu-victim kernel: pci 0000:00:16.5: BAR 13: no space for [io  size 0x1000]
Aug 03 16:17:52 ubuntu-victim kernel: pci 0000:00:16.5: BAR 13: failed to assign [io  size 0x1000]
Aug 03 16:17:52 ubuntu-victim kernel: pci 0000:00:16.4: BAR 13: no space for [io  size 0x1000]
Aug 03 16:17:52 ubuntu-victim kernel: pci 0000:00:16.4: BAR 13: failed to assign [io  size 0x1000]
Aug 03 16:17:52 ubuntu-victim kernel: pci 0000:00:16.3: BAR 13: no space for [io  size 0x1000]
Aug 03 16:17:52 ubuntu-victim kernel: pci 0000:00:16.3: BAR 13: failed to assign [io  size 0x1000]
Aug 03 16:17:52 ubuntu-victim kernel: pci 0000:00:15.7: BAR 13: no space for [io  size 0x1000]
Aug 03 16:17:52 ubuntu-victim kernel: pci 0000:00:15.7: BAR 13: failed to assign [io  size 0x1000]
Aug 03 16:17:52 ubuntu-victim kernel: pci 0000:00:15.6: BAR 13: no space for [io  size 0x1000]
Aug 03 16:17:52 ubuntu-victim kernel: pci 0000:00:15.6: BAR 13: failed to assign [io  size 0x1000]
Aug 03 16:17:52 ubuntu-victim kernel: pci 0000:00:15.5: BAR 13: no space for [io  size 0x1000]
Aug 03 16:17:52 ubuntu-victim kernel: pci 0000:00:15.5: BAR 13: failed to assign [io  size 0x1000]
Aug 03 16:17:52 ubuntu-victim kernel: pci 0000:00:15.4: BAR 13: no space for [io  size 0x1000]
Aug 03 16:17:52 ubuntu-victim kernel: pci 0000:00:15.4: BAR 13: failed to assign [io  size 0x1000]
Aug 03 16:17:52 ubuntu-victim kernel: pci 0000:00:15.3: BAR 13: no space for [io  size 0x1000]
Aug 03 16:17:52 ubuntu-victim kernel: pci 0000:00:15.3: BAR 13: failed to assign [io  size 0x1000]
Aug 03 16:17:52 ubuntu-victim kernel: pci 0000:00:01.0: PCI bridge to [bus 01]
Aug 03 16:17:52 ubuntu-victim kernel: pci 0000:02:01.0: BAR 6: assigned [mem 0xfd500000-0xfd50ffff pref]
Aug 03 16:17:52 ubuntu-victim kernel: pci 0000:02:03.0: BAR 6: assigned [mem 0xfd510000-0xfd51ffff pref]
Aug 03 16:17:52 ubuntu-victim kernel: pci 0000:00:11.0: PCI bridge to [bus 02]
Aug 03 16:17:52 ubuntu-victim kernel: pci 0000:00:11.0:   bridge window [io  0x2000-0x3fff]
Aug 03 16:17:52 ubuntu-victim kernel: pci 0000:00:11.0:   bridge window [mem 0xfd500000-0xfdffffff]
Aug 03 16:17:52 ubuntu-victim kernel: pci 0000:00:11.0:   bridge window [mem 0xe7b00000-0xe7ffffff 64bit pref]
Aug 03 16:17:52 ubuntu-victim kernel: pci 0000:00:15.0: PCI bridge to [bus 03]
Aug 03 16:17:52 ubuntu-victim kernel: pci 0000:00:15.0:   bridge window [io  0x4000-0x4fff]
Aug 03 16:17:52 ubuntu-victim kernel: pci 0000:00:15.0:   bridge window [mem 0xfd400000-0xfd4fffff]
Aug 03 16:17:52 ubuntu-victim kernel: pci 0000:00:15.0:   bridge window [mem 0xe7a00000-0xe7afffff 64bit pref]
Aug 03 16:17:52 ubuntu-victim kernel: pci 0000:00:15.1: PCI bridge to [bus 04]
Aug 03 16:17:52 ubuntu-victim kernel: pci 0000:00:15.1:   bridge window [io  0x8000-0x8fff]
Aug 03 16:17:52 ubuntu-victim kernel: pci 0000:00:15.1:   bridge window [mem 0xfd000000-0xfd0fffff]
Aug 03 16:17:52 ubuntu-victim kernel: pci 0000:00:15.1:   bridge window [mem 0xe7600000-0xe76fffff 64bit pref]
Aug 03 16:17:52 ubuntu-victim kernel: pci 0000:00:15.2: PCI bridge to [bus 05]
Aug 03 16:17:52 ubuntu-victim kernel: pci 0000:00:15.2:   bridge window [io  0xc000-0xcfff]
Aug 03 16:17:52 ubuntu-victim kernel: pci 0000:00:15.2:   bridge window [mem 0xfcc00000-0xfccfffff]
Aug 03 16:17:52 ubuntu-victim kernel: pci 0000:00:15.2:   bridge window [mem 0xe7200000-0xe72fffff 64bit pref]
Aug 03 16:17:52 ubuntu-victim kernel: pci 0000:00:15.3: PCI bridge to [bus 06]
Aug 03 16:17:52 ubuntu-victim kernel: pci 0000:00:15.3:   bridge window [mem 0xfc800000-0xfc8fffff]
Aug 03 16:17:52 ubuntu-victim kernel: pci 0000:00:15.3:   bridge window [mem 0xe6e00000-0xe6efffff 64bit pref]
Aug 03 16:17:52 ubuntu-victim kernel: pci 0000:00:15.4: PCI bridge to [bus 07]
Aug 03 16:17:52 ubuntu-victim kernel: pci 0000:00:15.4:   bridge window [mem 0xfc400000-0xfc4fffff]
Aug 03 16:17:52 ubuntu-victim kernel: pci 0000:00:15.4:   bridge window [mem 0xe6a00000-0xe6afffff 64bit pref]
Aug 03 16:17:52 ubuntu-victim kernel: pci 0000:00:15.5: PCI bridge to [bus 08]
Aug 03 16:17:52 ubuntu-victim kernel: pci 0000:00:15.5:   bridge window [mem 0xfc000000-0xfc0fffff]
Aug 03 16:17:52 ubuntu-victim kernel: pci 0000:00:15.5:   bridge window [mem 0xe6600000-0xe66fffff 64bit pref]
Aug 03 16:17:52 ubuntu-victim kernel: pci 0000:00:15.6: PCI bridge to [bus 09]
Aug 03 16:17:52 ubuntu-victim kernel: pci 0000:00:15.6:   bridge window [mem 0xfbc00000-0xfbcfffff]
Aug 03 16:17:52 ubuntu-victim kernel: pci 0000:00:15.6:   bridge window [mem 0xe6200000-0xe62fffff 64bit pref]
Aug 03 16:17:52 ubuntu-victim kernel: pci 0000:00:15.7: PCI bridge to [bus 0a]
Aug 03 16:17:52 ubuntu-victim kernel: pci 0000:00:15.7:   bridge window [mem 0xfb800000-0xfb8fffff]
Aug 03 16:17:52 ubuntu-victim kernel: pci 0000:00:15.7:   bridge window [mem 0xe5e00000-0xe5efffff 64bit pref]
Aug 03 16:17:52 ubuntu-victim kernel: pci 0000:00:16.0: PCI bridge to [bus 0b]
Aug 03 16:17:52 ubuntu-victim kernel: pci 0000:00:16.0:   bridge window [io  0x5000-0x5fff]
Aug 03 16:17:52 ubuntu-victim kernel: pci 0000:00:16.0:   bridge window [mem 0xfd300000-0xfd3fffff]
Aug 03 16:17:52 ubuntu-victim kernel: pci 0000:00:16.0:   bridge window [mem 0xe7900000-0xe79fffff 64bit pref]
Aug 03 16:17:52 ubuntu-victim kernel: pci 0000:00:16.1: PCI bridge to [bus 0c]
Aug 03 16:17:52 ubuntu-victim kernel: pci 0000:00:16.1:   bridge window [io  0x9000-0x9fff]
Aug 03 16:17:52 ubuntu-victim kernel: pci 0000:00:16.1:   bridge window [mem 0xfcf00000-0xfcffffff]
Aug 03 16:17:52 ubuntu-victim kernel: pci 0000:00:16.1:   bridge window [mem 0xe7500000-0xe75fffff 64bit pref]
Aug 03 16:17:52 ubuntu-victim kernel: pci 0000:00:16.2: PCI bridge to [bus 0d]
Aug 03 16:17:52 ubuntu-victim kernel: pci 0000:00:16.2:   bridge window [io  0xd000-0xdfff]
Aug 03 16:17:52 ubuntu-victim kernel: pci 0000:00:16.2:   bridge window [mem 0xfcb00000-0xfcbfffff]
Aug 03 16:17:52 ubuntu-victim kernel: pci 0000:00:16.2:   bridge window [mem 0xe7100000-0xe71fffff 64bit pref]
Aug 03 16:17:52 ubuntu-victim kernel: pci 0000:00:16.3: PCI bridge to [bus 0e]
Aug 03 16:17:52 ubuntu-victim kernel: pci 0000:00:16.3:   bridge window [mem 0xfc700000-0xfc7fffff]
Aug 03 16:17:52 ubuntu-victim kernel: pci 0000:00:16.3:   bridge window [mem 0xe6d00000-0xe6dfffff 64bit pref]
Aug 03 16:17:52 ubuntu-victim kernel: pci 0000:00:16.4: PCI bridge to [bus 0f]
Aug 03 16:17:52 ubuntu-victim kernel: pci 0000:00:16.4:   bridge window [mem 0xfc300000-0xfc3fffff]
Aug 03 16:17:52 ubuntu-victim kernel: pci 0000:00:16.4:   bridge window [mem 0xe6900000-0xe69fffff 64bit pref]
Aug 03 16:17:52 ubuntu-victim kernel: pci 0000:00:16.5: PCI bridge to [bus 10]
Aug 03 16:17:52 ubuntu-victim kernel: pci 0000:00:16.5:   bridge window [mem 0xfbf00000-0xfbffffff]
Aug 03 16:17:52 ubuntu-victim kernel: pci 0000:00:16.5:   bridge window [mem 0xe6500000-0xe65fffff 64bit pref]
Aug 03 16:17:52 ubuntu-victim kernel: pci 0000:00:16.6: PCI bridge to [bus 11]
Aug 03 16:17:52 ubuntu-victim kernel: pci 0000:00:16.6:   bridge window [mem 0xfbb00000-0xfbbfffff]
Aug 03 16:17:52 ubuntu-victim kernel: pci 0000:00:16.6:   bridge window [mem 0xe6100000-0xe61fffff 64bit pref]
Aug 03 16:17:52 ubuntu-victim kernel: pci 0000:00:16.7: PCI bridge to [bus 12]
Aug 03 16:17:52 ubuntu-victim kernel: pci 0000:00:16.7:   bridge window [mem 0xfb700000-0xfb7fffff]
Aug 03 16:17:52 ubuntu-victim kernel: pci 0000:00:16.7:   bridge window [mem 0xe5d00000-0xe5dfffff 64bit pref]
Aug 03 16:17:52 ubuntu-victim kernel: pci 0000:00:17.0: PCI bridge to [bus 13]
Aug 03 16:17:52 ubuntu-victim kernel: pci 0000:00:17.0:   bridge window [io  0x6000-0x6fff]
Aug 03 16:17:52 ubuntu-victim kernel: pci 0000:00:17.0:   bridge window [mem 0xfd200000-0xfd2fffff]
Aug 03 16:17:52 ubuntu-victim kernel: pci 0000:00:17.0:   bridge window [mem 0xe7800000-0xe78fffff 64bit pref]
Aug 03 16:17:52 ubuntu-victim kernel: pci 0000:00:17.1: PCI bridge to [bus 14]
Aug 03 16:17:52 ubuntu-victim kernel: pci 0000:00:17.1:   bridge window [io  0xa000-0xafff]
Aug 03 16:17:52 ubuntu-victim kernel: pci 0000:00:17.1:   bridge window [mem 0xfce00000-0xfcefffff]
Aug 03 16:17:52 ubuntu-victim kernel: pci 0000:00:17.1:   bridge window [mem 0xe7400000-0xe74fffff 64bit pref]
Aug 03 16:17:52 ubuntu-victim kernel: pci 0000:00:17.2: PCI bridge to [bus 15]
Aug 03 16:17:52 ubuntu-victim kernel: pci 0000:00:17.2:   bridge window [io  0xe000-0xefff]
Aug 03 16:17:52 ubuntu-victim kernel: pci 0000:00:17.2:   bridge window [mem 0xfca00000-0xfcafffff]
Aug 03 16:17:52 ubuntu-victim kernel: pci 0000:00:17.2:   bridge window [mem 0xe7000000-0xe70fffff 64bit pref]
Aug 03 16:17:52 ubuntu-victim kernel: pci 0000:00:17.3: PCI bridge to [bus 16]
Aug 03 16:17:52 ubuntu-victim kernel: pci 0000:00:17.3:   bridge window [mem 0xfc600000-0xfc6fffff]
Aug 03 16:17:52 ubuntu-victim kernel: pci 0000:00:17.3:   bridge window [mem 0xe6c00000-0xe6cfffff 64bit pref]
Aug 03 16:17:52 ubuntu-victim kernel: pci 0000:00:17.4: PCI bridge to [bus 17]
Aug 03 16:17:52 ubuntu-victim kernel: pci 0000:00:17.4:   bridge window [mem 0xfc200000-0xfc2fffff]
Aug 03 16:17:52 ubuntu-victim kernel: pci 0000:00:17.4:   bridge window [mem 0xe6800000-0xe68fffff 64bit pref]
Aug 03 16:17:52 ubuntu-victim kernel: pci 0000:00:17.5: PCI bridge to [bus 18]
Aug 03 16:17:52 ubuntu-victim kernel: pci 0000:00:17.5:   bridge window [mem 0xfbe00000-0xfbefffff]
Aug 03 16:17:52 ubuntu-victim kernel: pci 0000:00:17.5:   bridge window [mem 0xe6400000-0xe64fffff 64bit pref]
Aug 03 16:17:52 ubuntu-victim kernel: pci 0000:00:17.6: PCI bridge to [bus 19]
Aug 03 16:17:52 ubuntu-victim kernel: pci 0000:00:17.6:   bridge window [mem 0xfba00000-0xfbafffff]
Aug 03 16:17:52 ubuntu-victim kernel: pci 0000:00:17.6:   bridge window [mem 0xe6000000-0xe60fffff 64bit pref]
Aug 03 16:17:52 ubuntu-victim kernel: pci 0000:00:17.7: PCI bridge to [bus 1a]
Aug 03 16:17:52 ubuntu-victim kernel: pci 0000:00:17.7:   bridge window [mem 0xfb600000-0xfb6fffff]
Aug 03 16:17:52 ubuntu-victim kernel: pci 0000:00:17.7:   bridge window [mem 0xe5c00000-0xe5cfffff 64bit pref]
Aug 03 16:17:52 ubuntu-victim kernel: pci 0000:00:18.0: PCI bridge to [bus 1b]
Aug 03 16:17:52 ubuntu-victim kernel: pci 0000:00:18.0:   bridge window [io  0x7000-0x7fff]
Aug 03 16:17:52 ubuntu-victim kernel: pci 0000:00:18.0:   bridge window [mem 0xfd100000-0xfd1fffff]
Aug 03 16:17:52 ubuntu-victim kernel: pci 0000:00:18.0:   bridge window [mem 0xe7700000-0xe77fffff 64bit pref]
Aug 03 16:17:52 ubuntu-victim kernel: pci 0000:00:18.1: PCI bridge to [bus 1c]
Aug 03 16:17:52 ubuntu-victim kernel: pci 0000:00:18.1:   bridge window [io  0xb000-0xbfff]
Aug 03 16:17:52 ubuntu-victim kernel: pci 0000:00:18.1:   bridge window [mem 0xfcd00000-0xfcdfffff]
Aug 03 16:17:52 ubuntu-victim kernel: pci 0000:00:18.1:   bridge window [mem 0xe7300000-0xe73fffff 64bit pref]
Aug 03 16:17:52 ubuntu-victim kernel: pci 0000:00:18.2: PCI bridge to [bus 1d]
Aug 03 16:17:52 ubuntu-victim kernel: pci 0000:00:18.2:   bridge window [mem 0xfc900000-0xfc9fffff]
Aug 03 16:17:52 ubuntu-victim kernel: pci 0000:00:18.2:   bridge window [mem 0xe6f00000-0xe6ffffff 64bit pref]
Aug 03 16:17:52 ubuntu-victim kernel: pci 0000:00:18.3: PCI bridge to [bus 1e]
Aug 03 16:17:52 ubuntu-victim kernel: pci 0000:00:18.3:   bridge window [mem 0xfc500000-0xfc5fffff]
Aug 03 16:17:52 ubuntu-victim kernel: pci 0000:00:18.3:   bridge window [mem 0xe6b00000-0xe6bfffff 64bit pref]
Aug 03 16:17:52 ubuntu-victim kernel: pci 0000:00:18.4: PCI bridge to [bus 1f]
Aug 03 16:17:52 ubuntu-victim kernel: pci 0000:00:18.4:   bridge window [mem 0xfc100000-0xfc1fffff]
Aug 03 16:17:52 ubuntu-victim kernel: pci 0000:00:18.4:   bridge window [mem 0xe6700000-0xe67fffff 64bit pref]
Aug 03 16:17:52 ubuntu-victim kernel: pci 0000:00:18.5: PCI bridge to [bus 20]
Aug 03 16:17:52 ubuntu-victim kernel: pci 0000:00:18.5:   bridge window [mem 0xfbd00000-0xfbdfffff]
Aug 03 16:17:52 ubuntu-victim kernel: pci 0000:00:18.5:   bridge window [mem 0xe6300000-0xe63fffff 64bit pref]
Aug 03 16:17:52 ubuntu-victim kernel: pci 0000:00:18.6: PCI bridge to [bus 21]
Aug 03 16:17:52 ubuntu-victim kernel: pci 0000:00:18.6:   bridge window [mem 0xfb900000-0xfb9fffff]
Aug 03 16:17:52 ubuntu-victim kernel: pci 0000:00:18.6:   bridge window [mem 0xe5f00000-0xe5ffffff 64bit pref]
Aug 03 16:17:52 ubuntu-victim kernel: pci 0000:00:18.7: PCI bridge to [bus 22]
Aug 03 16:17:52 ubuntu-victim kernel: pci 0000:00:18.7:   bridge window [mem 0xfb500000-0xfb5fffff]
Aug 03 16:17:52 ubuntu-victim kernel: pci 0000:00:18.7:   bridge window [mem 0xe5b00000-0xe5bfffff 64bit pref]
Aug 03 16:17:52 ubuntu-victim kernel: pci_bus 0000:00: resource 4 [mem 0x000a0000-0x000bffff window]
Aug 03 16:17:52 ubuntu-victim kernel: pci_bus 0000:00: resource 5 [mem 0x000d0000-0x000d3fff window]
Aug 03 16:17:52 ubuntu-victim kernel: pci_bus 0000:00: resource 6 [mem 0x000d4000-0x000d7fff window]
Aug 03 16:17:52 ubuntu-victim kernel: pci_bus 0000:00: resource 7 [mem 0x000d8000-0x000dbfff window]
Aug 03 16:17:52 ubuntu-victim kernel: pci_bus 0000:00: resource 8 [mem 0xc0000000-0xfebfffff window]
Aug 03 16:17:52 ubuntu-victim kernel: pci_bus 0000:00: resource 9 [io  0x0000-0x0cf7 window]
Aug 03 16:17:52 ubuntu-victim kernel: pci_bus 0000:00: resource 10 [io  0x0d00-0xfeff window]
Aug 03 16:17:52 ubuntu-victim kernel: pci_bus 0000:02: resource 0 [io  0x2000-0x3fff]
Aug 03 16:17:52 ubuntu-victim kernel: pci_bus 0000:02: resource 1 [mem 0xfd500000-0xfdffffff]
Aug 03 16:17:52 ubuntu-victim kernel: pci_bus 0000:02: resource 2 [mem 0xe7b00000-0xe7ffffff 64bit pref]
Aug 03 16:17:52 ubuntu-victim kernel: pci_bus 0000:02: resource 4 [mem 0x000a0000-0x000bffff window]
Aug 03 16:17:52 ubuntu-victim kernel: pci_bus 0000:02: resource 5 [mem 0x000d0000-0x000d3fff window]
Aug 03 16:17:52 ubuntu-victim kernel: pci_bus 0000:02: resource 6 [mem 0x000d4000-0x000d7fff window]
Aug 03 16:17:52 ubuntu-victim kernel: pci_bus 0000:02: resource 7 [mem 0x000d8000-0x000dbfff window]
Aug 03 16:17:52 ubuntu-victim kernel: pci_bus 0000:02: resource 8 [mem 0xc0000000-0xfebfffff window]
Aug 03 16:17:52 ubuntu-victim kernel: pci_bus 0000:02: resource 9 [io  0x0000-0x0cf7 window]
Aug 03 16:17:52 ubuntu-victim kernel: pci_bus 0000:02: resource 10 [io  0x0d00-0xfeff window]
Aug 03 16:17:52 ubuntu-victim kernel: pci_bus 0000:03: resource 0 [io  0x4000-0x4fff]
Aug 03 16:17:52 ubuntu-victim kernel: pci_bus 0000:03: resource 1 [mem 0xfd400000-0xfd4fffff]
Aug 03 16:17:52 ubuntu-victim kernel: pci_bus 0000:03: resource 2 [mem 0xe7a00000-0xe7afffff 64bit pref]
Aug 03 16:17:52 ubuntu-victim kernel: pci_bus 0000:04: resource 0 [io  0x8000-0x8fff]
Aug 03 16:17:52 ubuntu-victim kernel: pci_bus 0000:04: resource 1 [mem 0xfd000000-0xfd0fffff]
Aug 03 16:17:52 ubuntu-victim kernel: pci_bus 0000:04: resource 2 [mem 0xe7600000-0xe76fffff 64bit pref]
Aug 03 16:17:52 ubuntu-victim kernel: pci_bus 0000:05: resource 0 [io  0xc000-0xcfff]
Aug 03 16:17:52 ubuntu-victim kernel: pci_bus 0000:05: resource 1 [mem 0xfcc00000-0xfccfffff]
Aug 03 16:17:52 ubuntu-victim kernel: pci_bus 0000:05: resource 2 [mem 0xe7200000-0xe72fffff 64bit pref]
Aug 03 16:17:52 ubuntu-victim kernel: pci_bus 0000:06: resource 1 [mem 0xfc800000-0xfc8fffff]
Aug 03 16:17:52 ubuntu-victim kernel: pci_bus 0000:06: resource 2 [mem 0xe6e00000-0xe6efffff 64bit pref]
Aug 03 16:17:52 ubuntu-victim kernel: pci_bus 0000:07: resource 1 [mem 0xfc400000-0xfc4fffff]
Aug 03 16:17:52 ubuntu-victim kernel: pci_bus 0000:07: resource 2 [mem 0xe6a00000-0xe6afffff 64bit pref]
Aug 03 16:17:52 ubuntu-victim kernel: pci_bus 0000:08: resource 1 [mem 0xfc000000-0xfc0fffff]
Aug 03 16:17:52 ubuntu-victim kernel: pci_bus 0000:08: resource 2 [mem 0xe6600000-0xe66fffff 64bit pref]
Aug 03 16:17:52 ubuntu-victim kernel: pci_bus 0000:09: resource 1 [mem 0xfbc00000-0xfbcfffff]
Aug 03 16:17:52 ubuntu-victim kernel: pci_bus 0000:09: resource 2 [mem 0xe6200000-0xe62fffff 64bit pref]
Aug 03 16:17:52 ubuntu-victim kernel: pci_bus 0000:0a: resource 1 [mem 0xfb800000-0xfb8fffff]
Aug 03 16:17:52 ubuntu-victim kernel: pci_bus 0000:0a: resource 2 [mem 0xe5e00000-0xe5efffff 64bit pref]
Aug 03 16:17:52 ubuntu-victim kernel: pci_bus 0000:0b: resource 0 [io  0x5000-0x5fff]
Aug 03 16:17:52 ubuntu-victim kernel: pci_bus 0000:0b: resource 1 [mem 0xfd300000-0xfd3fffff]
Aug 03 16:17:52 ubuntu-victim kernel: pci_bus 0000:0b: resource 2 [mem 0xe7900000-0xe79fffff 64bit pref]
Aug 03 16:17:52 ubuntu-victim kernel: pci_bus 0000:0c: resource 0 [io  0x9000-0x9fff]
Aug 03 16:17:52 ubuntu-victim kernel: pci_bus 0000:0c: resource 1 [mem 0xfcf00000-0xfcffffff]
Aug 03 16:17:52 ubuntu-victim kernel: pci_bus 0000:0c: resource 2 [mem 0xe7500000-0xe75fffff 64bit pref]
Aug 03 16:17:52 ubuntu-victim kernel: pci_bus 0000:0d: resource 0 [io  0xd000-0xdfff]
Aug 03 16:17:52 ubuntu-victim kernel: pci_bus 0000:0d: resource 1 [mem 0xfcb00000-0xfcbfffff]
Aug 03 16:17:52 ubuntu-victim kernel: pci_bus 0000:0d: resource 2 [mem 0xe7100000-0xe71fffff 64bit pref]
Aug 03 16:17:52 ubuntu-victim kernel: pci_bus 0000:0e: resource 1 [mem 0xfc700000-0xfc7fffff]
Aug 03 16:17:52 ubuntu-victim kernel: pci_bus 0000:0e: resource 2 [mem 0xe6d00000-0xe6dfffff 64bit pref]
